ARM Linker, 5.03 [Build 76] [MDK-ARM Standard]

==============================================================================

Section Cross References

    startup_stm32f10x_md.o(STACK) refers (Special) to heapauxi.o(.text) for __use_two_region_memory
    startup_stm32f10x_md.o(HEAP) refers (Special) to heapauxi.o(.text) for __use_two_region_memory
    startup_stm32f10x_md.o(RESET) refers (Special) to heapauxi.o(.text) for __use_two_region_memory
    startup_stm32f10x_md.o(RESET) refers to startup_stm32f10x_md.o(STACK) for __initial_sp
    startup_stm32f10x_md.o(RESET) refers to startup_stm32f10x_md.o(.text) for Reset_Handler
    startup_stm32f10x_md.o(RESET) refers to stm32f10x_it.o(.text) for NMI_Handler
    startup_stm32f10x_md.o(RESET) refers to os_cpu_a.o(.text) for PendSV_Handler
    startup_stm32f10x_md.o(RESET) refers to delay.o(.text) for SysTick_Handler
    startup_stm32f10x_md.o(RESET) refers to tty.o(.text) for USART1_IRQHandler
    startup_stm32f10x_md.o(RESET) refers to usart.o(.text) for USART2_IRQHandler
    startup_stm32f10x_md.o(.text) refers (Special) to heapauxi.o(.text) for __use_two_region_memory
    startup_stm32f10x_md.o(.text) refers to __main.o(!!!main) for __main
    startup_stm32f10x_md.o(.text) refers to startup_stm32f10x_md.o(HEAP) for Heap_Mem
    startup_stm32f10x_md.o(.text) refers to startup_stm32f10x_md.o(STACK) for Stack_Mem
    main.o(.text) refers to os_cpu_a.o(.text) for OS_CPU_SR_Save
    main.o(.text) refers to os_task.o(.text) for OSTaskCreate
    main.o(.text) refers to config.o(.text) for RCC_Configuration
    main.o(.text) refers to delay.o(.text) for DelayMs_init
    main.o(.text) refers to tty.o(.text) for tty_init
    main.o(.text) refers to os_core.o(.text) for OSInit
    main.o(.text) refers to main.o(.bss) for LED0_TASK_STK
    main.o(.text) refers to task.o(.text) for task1
    delay.o(.text) refers to os_core.o(.text) for OSIntEnter
    delay.o(.text) refers to os_time.o(.text) for OSTimeDly
    delay.o(.text) refers to delay.o(.data) for fac_us
    delay.o(.text) refers to os_core.o(.data) for OSRunning
    config.o(.text) refers to system_stm32f10x.o(.text) for SystemInit
    config.o(.text) refers to stm32f10x_rcc.o(.text) for RCC_APB1PeriphClockCmd
    config.o(.text) refers to stm32f10x_gpio.o(.text) for GPIO_PinRemapConfig
    config.o(.text) refers to misc.o(.text) for NVIC_PriorityGroupConfig
    stm32f10x_gpio.o(.text) refers to stm32f10x_rcc.o(.text) for RCC_APB2PeriphResetCmd
    stm32f10x_rcc.o(.text) refers to stm32f10x_rcc.o(.data) for APBAHBPrescTable
    stm32f10x_tim.o(.text) refers to stm32f10x_rcc.o(.text) for RCC_APB2PeriphResetCmd
    stm32f10x_usart.o(.text) refers to stm32f10x_rcc.o(.text) for RCC_APB2PeriphResetCmd
    ds1820.o(.text) refers to stm32f10x_gpio.o(.text) for GPIO_WriteBit
    ds1820.o(.text) refers to delay.o(.text) for DelayUs
    ds1820.o(.text) refers to dflt_clz.o(x$fpl$dfltu) for __aeabi_ui2d
    ds1820.o(.text) refers to dmul.o(x$fpl$dmul) for __aeabi_dmul
    ds1820.o(.text) refers to dfixu.o(x$fpl$dfixu) for __aeabi_d2uiz
    relay.o(.text) refers to stm32f10x_gpio.o(.text) for GPIO_Init
    relay.o(.text) refers to tty.o(.text) for tty_printf
    relay.o(.text) refers to relay.o(.data) for Relay_Busy
    tty.o(.text) refers to stm32f10x_gpio.o(.text) for GPIO_Init
    tty.o(.text) refers to stm32f10x_usart.o(.text) for USART_StructInit
    usart.o(.text) refers to stm32f10x_gpio.o(.text) for GPIO_Init
    usart.o(.text) refers to stm32f10x_usart.o(.text) for USART_StructInit
    usart.o(.text) refers to shp.o(.text) for shp_handle_recviced_data
    usart.o(.text) refers to os_cpu_a.o(.text) for OS_CPU_SR_Save
    usart.o(.text) refers to usart.o(.data) for recved_size
    usart.o(.text) refers to usart.o(.bss) for buf
    os_core.o(.text) refers to os_task.o(.text) for OSTaskStkChk
    os_core.o(.text) refers to os_time.o(.text) for OSTimeDly
    os_core.o(.text) refers to os_cpu_a.o(.text) for OS_CPU_SR_Save
    os_core.o(.text) refers to os_cpu_c.o(.text) for OSTaskStatHook
    os_core.o(.text) refers to os_flag.o(.text) for OS_FlagInit
    os_core.o(.text) refers to os_q.o(.text) for OS_QInit
    os_core.o(.text) refers to os_core.o(.bss) for OSTCBPrioTbl
    os_core.o(.text) refers to os_core.o(.data) for OSStatRdy
    os_core.o(.text) refers to os_core.o(.constdata) for OSUnMapTbl
    os_flag.o(.text) refers to os_cpu_a.o(.text) for OS_CPU_SR_Save
    os_flag.o(.text) refers to os_core.o(.text) for OS_Sched
    os_flag.o(.text) refers to os_core.o(.data) for OSIntNesting
    os_flag.o(.text) refers to os_core.o(.bss) for OSFlagTbl
    os_mbox.o(.text) refers to os_cpu_a.o(.text) for OS_CPU_SR_Save
    os_mbox.o(.text) refers to os_core.o(.text) for OS_EventWaitListInit
    os_mbox.o(.text) refers to os_core.o(.data) for OSIntNesting
    os_mutex.o(.text) refers to os_cpu_a.o(.text) for OS_CPU_SR_Save
    os_mutex.o(.text) refers to os_core.o(.text) for OS_EventWaitListInit
[...]
    Removing stm32f10x_gpio.o(.rev16_text), (4 bytes).
    Removing stm32f10x_gpio.o(.revsh_text), (4 bytes).
    Removing stm32f10x_rcc.o(.rev16_text), (4 bytes).
    Removing stm32f10x_rcc.o(.revsh_text), (4 bytes).
    Removing stm32f10x_rtc.o(.rev16_text), (4 bytes).
    Removing stm32f10x_rtc.o(.revsh_text), (4 bytes).
    Removing stm32f10x_rtc.o(.text), (324 bytes).
    Removing stm32f10x_tim.o(.rev16_text), (4 bytes).
    Removing stm32f10x_tim.o(.revsh_text), (4 bytes).
    Removing stm32f10x_tim.o(.text), (3014 bytes).
    Removing stm32f10x_usart.o(.rev16_text), (4 bytes).
    Removing stm32f10x_usart.o(.revsh_text), (4 bytes).
    Removing ds1820.o(.rev16_text), (4 bytes).
    Removing ds1820.o(.revsh_text), (4 bytes).
    Removing relay.o(.rev16_text), (4 bytes).
    Removing relay.o(.revsh_text), (4 bytes).
    Removing tty.o(.rev16_text), (4 bytes).
    Removing tty.o(.revsh_text), (4 bytes).
    Removing usart.o(.rev16_text), (4 bytes).
    Removing usart.o(.revsh_text), (4 bytes).
    Removing os_mbox.o(.text), (972 bytes).
    Removing os_mutex.o(.text), (1548 bytes).
    Removing os_sem.o(.text), (908 bytes).
    Removing os_cpu_c.o(.data), (4 bytes).
    Removing os_dbg.o(.constdata), (2 bytes).
    Removing task.o(.rev16_text), (4 bytes).
    Removing task.o(.revsh_text), (4 bytes).

46 unused section(s) (total 7276 bytes) removed from the image.

==============================================================================

Image Symbol Table

    Local Symbols

    Symbol Name                              Value     Ov Type        Size  Object(Section)

    ../clib/angel/boardlib.s                 0x00000000   Number         0  boardshut.o ABSOLUTE
    ../clib/angel/boardlib.s                 0x00000000   Number         0  boardinit3.o ABSOLUTE
    ../clib/angel/boardlib.s                 0x00000000   Number         0  boardinit2.o ABSOLUTE
    ../clib/angel/boardlib.s                 0x00000000   Number         0  boardinit1.o ABSOLUTE
    ../clib/angel/handlers.s                 0x00000000   Number         0  __scatter_zi.o ABSOLUTE
    ../clib/angel/handlers.s                 0x00000000   Number         0  __scatter_copy.o ABSOLUTE
    ../clib/angel/kernel.s                   0x00000000   Number         0  rtexit2.o ABSOLUTE
    ../clib/angel/kernel.s                   0x00000000   Number         0  rtentry2.o ABSOLUTE
    ../clib/angel/kernel.s                   0x00000000   Number         0  rtentry4.o ABSOLUTE
    ../clib/angel/kernel.s                   0x00000000   Number         0  rtentry.o ABSOLUTE
    ../clib/angel/kernel.s                   0x00000000   Number         0  rtexit.o ABSOLUTE
    ../clib/angel/rt.s                       0x00000000   Number         0  rt_raise.o ABSOLUTE
    ../clib/angel/scatter.s                  0x00000000   Number         0  __scatter.o ABSOLUTE
    ../clib/angel/startup.s                  0x00000000   Number         0  __main.o ABSOLUTE
    ../clib/angel/sys.s                      0x00000000   Number         0  sys_stackheap_outer.o ABSOLUTE
    ../clib/angel/sys.s                      0x00000000   Number         0  indicate_semi.o ABSOLUTE
    ../clib/angel/sys.s                      0x00000000   Number         0  use_no_semi.o ABSOLUTE
    ../clib/angel/sys.s                      0x00000000   Number         0  libspace.o ABSOLUTE
    ../clib/angel/sysapp.c                   0x00000000   Number         0  sys_exit.o ABSOLUTE
    ../clib/angel/sysapp.c                   0x00000000   Number         0  sys_wrch.o ABSOLUTE
    ../clib/angel/sysapp.c                   0x00000000   Number         0  sys_command.o ABSOLUTE
    ../clib/armsys.c                         0x00000000   Number         0  argv_veneer.o ABSOLUTE
    ../clib/armsys.c                         0x00000000   Number         0  _get_argv_nomalloc.o ABSOLUTE
    ../clib/armsys.c                         0x00000000   Number         0  argv_veneer.o ABSOLUTE
    ../clib/armsys.c                         0x00000000   Number         0  no_argv.o ABSOLUTE
    ../clib/heapalloc.c                      0x00000000   Number         0  hrguard.o ABSOLUTE
    ../clib/heapaux.c                        0x00000000   Number         0  heapauxi.o ABSOLUTE
    ../clib/libinit.s                        0x00000000   Number         0  libinit.o ABSOLUTE
    ../clib/libinit.s                        0x00000000   Number         0  libshutdown2.o ABSOLUTE
    ../clib/libinit.s                        0x00000000   Number         0  libinit2.o ABSOLUTE
    ../clib/libinit.s                        0x00000000   Number         0  libshutdown.o ABSOLUTE
    ../clib/memcpset.s                       0x00000000   Number         0  rt_memcpy_v6.o ABSOLUTE
    ../clib/memcpset.s                       0x00000000   Number         0  rt_memclr_w.o ABSOLUTE
    ../clib/memcpset.s                       0x00000000   Number         0  rt_memcpy_w.o ABSOLUTE
    ../clib/memcpset.s                       0x00000000   Number         0  rt_memclr.o ABSOLUTE
    ../clib/misc.s                           0x00000000   Number         0  printf_stubs.o ABSOLUTE
    ../clib/printf.c                         0x00000000   Number         0  __printf.o ABSOLUTE
    ../clib/printf.c                         0x00000000   Number         0  _printf_hex_int_ll_ptr.o ABSOLUTE
    ../clib/printf.c                         0x00000000   Number         0  __printf_flags.o ABSOLUTE
    ../clib/printf.c                         0x00000000   Number         0  _printf_pad.o ABSOLUTE
    ../clib/printf.c                         0x00000000   Number         0  _printf_dec.o ABSOLUTE
    ../clib/printf.c                         0x00000000   Number         0  __printf_flags_ss_wp.o ABSOLUTE
    ../clib/printf.c                         0x00000000   Number         0  _printf_hex_ll.o ABSOLUTE
    ../clib/printf.c                         0x00000000   Number         0  _printf_hex_int.o ABSOLUTE
    ../clib/printf.c                         0x00000000   Number         0  __printf_ss_wp.o ABSOLUTE
    ../clib/printf.c                         0x00000000   Number         0  __printf_flags_wp.o ABSOLUTE
    ../clib/printf.c                         0x00000000   Number         0  __printf_wp.o ABSOLUTE
    ../clib/printf.c                         0x00000000   Number         0  __printf_flags_ss.o ABSOLUTE
    ../clib/printf.c                         0x00000000   Number         0  _printf_hex_int_ll.o ABSOLUTE
    ../clib/printf.c                         0x00000000   Number         0  _printf_hex_ptr.o ABSOLUTE
    ../clib/printf.c                         0x00000000   Number         0  _printf_hex_int_ptr.o ABSOLUTE
    ../clib/printf.c                         0x00000000   Number         0  _printf_hex_ll_ptr.o ABSOLUTE
    ../clib/printf.c                         0x00000000   Number         0  __printf_nopercent.o ABSOLUTE
    ../clib/printf.c                         0x00000000   Number         0  _sputc.o ABSOLUTE
    ../clib/printf.c                         0x00000000   Number         0  __printf_ss.o ABSOLUTE
    ../clib/printf.c                         0x00000000   Number         0  _printf_char_common.o ABSOLUTE
    ../clib/printf.c                         0x00000000   Number         0  _printf_intcommon.o ABSOLUTE
    ../clib/printf.c                         0x00000000   Number         0  __2sprintf.o ABSOLUTE
    ../clib/printf.c                         0x00000000   Number         0  noretval__2sprintf.o ABSOLUTE
    ../clib/printf_percent.s                 0x00000000   Number         0  _printf_d.o ABSOLUTE
    ../clib/printf_percent.s                 0x00000000   Number         0  _printf_percent_end.o ABSOLUTE
    ../clib/printf_percent.s                 0x00000000   Number         0  _printf_percent.o ABSOLUTE
    ../clib/printf_percent.s                 0x00000000   Number         0  _printf_x.o ABSOLUTE
    ../clib/signal.c                         0x00000000   Number         0  defsig_pvfn_inner.o ABSOLUTE
    ../clib/signal.c                         0x00000000   Number         0  defsig_rtmem_outer.o ABSOLUTE
    ../clib/signal.c                         0x00000000   Number         0  defsig_rtmem_inner.o ABSOLUTE
    ../clib/signal.c                         0x00000000   Number         0  defsig_exit.o ABSOLUTE
    ../clib/signal.c                         0x00000000   Number         0  defsig_rtred_inner.o ABSOLUTE
    ../clib/signal.c                         0x00000000   Number         0  defsig_other.o ABSOLUTE
    ../clib/signal.c                         0x00000000   Number         0  defsig_fpe_inner.o ABSOLUTE
    ../clib/signal.c                         0x00000000   Number         0  defsig_abrt_inner.o ABSOLUTE
    ../clib/signal.c                         0x00000000   Number         0  defsig_segv_inner.o ABSOLUTE
    ../clib/signal.c                         0x00000000   Number         0  __raise.o ABSOLUTE
    ../clib/signal.c                         0x00000000   Number         0  defsig_rtmem_formal.o ABSOLUTE
    ../clib/signal.c                         0x00000000   Number         0  defsig_cppl_inner.o ABSOLUTE
    ../clib/signal.c                         0x00000000   Number         0  defsig_stak_inner.o ABSOLUTE
    ../clib/signal.c                         0x00000000   Number         0  defsig_general.o ABSOLUTE
    ../clib/signal.s                         0x00000000   Number         0  defsig.o ABSOLUTE
    ../clib/stdlib.c                         0x00000000   Number         0  exit.o ABSOLUTE
    ../fplib/dfixu.s                         0x00000000   Number         0  dfixu.o ABSOLUTE
    ../fplib/dflt.s                          0x00000000   Number         0  dflt_clz.o ABSOLUTE
    ../fplib/dmul.s                          0x00000000   Number         0  dmul.o ABSOLUTE
    ../fplib/dnaninf.s                       0x00000000   Number         0  dnaninf.o ABSOLUTE
    ../fplib/dretinf.s                       0x00000000   Number         0  dretinf.o ABSOLUTE
    ../fplib/fpinit.s                        0x00000000   Number         0  fpinit.o ABSOLUTE
    ../fplib/usenofp.s                       0x00000000   Number         0  usenofp.o ABSOLUTE
    ..\..\..\SHP.c                           0x00000000   Number         0  shp.o ABSOLUTE
    ..\..\..\SHP_example.c                   0x00000000   Number         0  shp_example.o ABSOLUTE
    ..\APP\task.c                            0x00000000   Number         0  task.o ABSOLUTE
    ..\Driver\DS1820.c                       0x00000000   Number         0  ds1820.o ABSOLUTE
    ..\Driver\relay.c                        0x00000000   Number         0  relay.o ABSOLUTE
    ..\Driver\tty.c                          0x00000000   Number         0  tty.o ABSOLUTE
    ..\Driver\usart.c                        0x00000000   Number         0  usart.o ABSOLUTE
    ..\FWlib\SRC\misc.c                      0x00000000   Number         0  misc.o ABSOLUTE
    ..\FWlib\SRC\stm32f10x_dbgmcu.c          0x00000000   Number         0  stm32f10x_dbgmcu.o ABSOLUTE
    ..\FWlib\SRC\stm32f10x_exti.c            0x00000000   Number         0  stm32f10x_exti.o ABSOLUTE
    ..\FWlib\SRC\stm32f10x_gpio.c            0x00000000   Number         0  stm32f10x_gpio.o ABSOLUTE
    ..\FWlib\SRC\stm32f10x_rcc.c             0x00000000   Number         0  stm32f10x_rcc.o ABSOLUTE
    ..\FWlib\SRC\stm32f10x_rtc.c             0x00000000   Number         0  stm32f10x_rtc.o ABSOLUTE
    ..\FWlib\SRC\stm32f10x_tim.c             0x00000000   Number         0  stm32f10x_tim.o ABSOLUTE
    ..\FWlib\SRC\stm32f10x_usart.c           0x00000000   Number         0  stm32f10x_usart.o ABSOLUTE
    ..\\APP\\task.c                          0x00000000   Number         0  task.o ABSOLUTE
    ..\\Driver\\DS1820.c                     0x00000000   Number         0  ds1820.o ABSOLUTE
    ..\\Driver\\relay.c                      0x00000000   Number         0  relay.o ABSOLUTE
    ..\\Driver\\tty.c                        0x00000000   Number         0  tty.o ABSOLUTE
    ..\\Driver\\usart.c                      0x00000000   Number         0  usart.o ABSOLUTE
    ..\\FWlib\\SRC\\misc.c                   0x00000000   Number         0  misc.o ABSOLUTE
    ..\\FWlib\\SRC\\stm32f10x_dbgmcu.c       0x00000000   Number         0  stm32f10x_dbgmcu.o ABSOLUTE
    ..\\FWlib\\SRC\\stm32f10x_exti.c         0x00000000   Number         0  stm32f10x_exti.o ABSOLUTE
    ..\\FWlib\\SRC\\stm32f10x_gpio.c         0x00000000   Number         0  stm32f10x_gpio.o ABSOLUTE
    ..\\FWlib\\SRC\\stm32f10x_rcc.c          0x00000000   Number         0  stm32f10x_rcc.o ABSOLUTE
    ..\\FWlib\\SRC\\stm32f10x_rtc.c          0x00000000   Number         0  stm32f10x_rtc.o ABSOLUTE
    ..\\FWlib\\SRC\\stm32f10x_tim.c          0x00000000   Number         0  stm32f10x_tim.o ABSOLUTE
    ..\\FWlib\\SRC\\stm32f10x_usart.c        0x00000000   Number         0  stm32f10x_usart.o ABSOLUTE
    ..\\init\\CONFIG.c                       0x00000000   Number         0  config.o ABSOLUTE
    ..\\init\\Delay.c                        0x00000000   Number         0  delay.o ABSOLUTE
    ..\\init\\main.c                         0x00000000   Number         0  main.o ABSOLUTE
    ..\\init\\stm32f10x_it.c                 0x00000000   Number         0  stm32f10x_it.o ABSOLUTE
    ..\\init\\system_stm32f10x.c             0x00000000   Number         0  system_stm32f10x.o ABSOLUTE
    ..\init\CONFIG.c                         0x00000000   Number         0  config.o ABSOLUTE
    ..\init\Delay.c                          0x00000000   Number         0  delay.o ABSOLUTE
    ..\init\main.c                           0x00000000   Number         0  main.o ABSOLUTE
    ..\init\stm32f10x_it.c                   0x00000000   Number         0  stm32f10x_it.o ABSOLUTE
    ..\init\system_stm32f10x.c               0x00000000   Number         0  system_stm32f10x.o ABSOLUTE
    ..\kernel\CPU\os_cpu_a.asm               0x00000000   Number         0  os_cpu_a.o ABSOLUTE
    ..\kernel\CPU\os_cpu_c.c                 0x00000000   Number         0  os_cpu_c.o ABSOLUTE
    ..\kernel\CPU\os_dbg.c                   0x00000000   Number         0  os_dbg.o ABSOLUTE
    ..\kernel\CPU\os_dbg_r.c                 0x00000000   Number         0  os_dbg_r.o ABSOLUTE
    ..\kernel\os_core.c                      0x00000000   Number         0  os_core.o ABSOLUTE
    ..\kernel\os_flag.c                      0x00000000   Number         0  os_flag.o ABSOLUTE
    ..\kernel\os_mbox.c                      0x00000000   Number         0  os_mbox.o ABSOLUTE
    ..\kernel\os_mem.c                       0x00000000   Number         0  os_mem.o ABSOLUTE
    ..\kernel\os_mutex.c                     0x00000000   Number         0  os_mutex.o ABSOLUTE
    ..\kernel\os_q.c                         0x00000000   Number         0  os_q.o ABSOLUTE
    ..\kernel\os_sem.c                       0x00000000   Number         0  os_sem.o ABSOLUTE
    ..\kernel\os_task.c                      0x00000000   Number         0  os_task.o ABSOLUTE
    ..\kernel\os_time.c                      0x00000000   Number         0  os_time.o ABSOLUTE
    ..\kernel\os_tmr.c                       0x00000000   Number         0  os_tmr.o ABSOLUTE
    ..\startup\startup_stm32f10x_md.s        0x00000000   Number         0  startup_stm32f10x_md.o ABSOLUTE
    dc.s                                     0x00000000   Number         0  dc.o ABSOLUTE
    RESET                                    0x08000000   Section      236  startup_stm32f10x_md.o(RESET)
    !!!main                                  0x080000ec   Section        8  __main.o(!!!main)
    !!!scatter                               0x080000f4   Section       52  __scatter.o(!!!scatter)
    !!handler_copy                           0x08000128   Section       26  __scatter_copy.o(!!handler_copy)
    !!handler_zi                             0x08000144   Section       28  __scatter_zi.o(!!handler_zi)
    .ARM.Collect$$_printf_percent$$00000000  0x08000160   Section        0  _printf_percent.o(.ARM.Collect$$_printf_percent$$00000000)
    .ARM.Collect$$_printf_percent$$00000009  0x08000160   Section        6  _printf_d.o(.ARM.Collect$$_printf_percent$$00000009)
    .ARM.Collect$$_printf_percent$$0000000C  0x08000166   Section        6  _printf_x.o(.ARM.Collect$$_printf_percent$$0000000C)
    .ARM.Collect$$_printf_percent$$00000017  0x0800016c   Section        4  _printf_percent_end.o(.ARM.Collect$$_printf_percent$$00000017)
    .ARM.Collect$$libinit$$00000000          0x08000170   Section        2  libinit.o(.ARM.Collect$$libinit$$00000000)
    .ARM.Collect$$libinit$$00000002          0x08000172   Section        0  libinit2.o(.ARM.Collect$$libinit$$00000002)
    .ARM.Collect$$libinit$$00000008          0x08000172   Section        0  libinit2.o(.ARM.Collect$$libinit$$00000008)
    .ARM.Collect$$libinit$$0000000A          0x08000172   Section        0  libinit2.o(.ARM.Collect$$libinit$$0000000A)
    .ARM.Collect$$libinit$$0000000C          0x08000172   Section        0  libinit2.o(.ARM.Collect$$libinit$$0000000C)
    .ARM.Collect$$libinit$$0000000F          0x08000172   Section        0  libinit2.o(.ARM.Collect$$libinit$$0000000F)
    .ARM.Collect$$libinit$$00000011          0x08000172   Section        0  libinit2.o(.ARM.Collect$$libinit$$00000011)
    .ARM.Collect$$libinit$$00000013          0x08000172   Section        0  libinit2.o(.ARM.Collect$$libinit$$00000013)
    .ARM.Collect$$libinit$$00000015          0x08000172   Section        0  libinit2.o(.ARM.Collect$$libinit$$00000015)
    .ARM.Collect$$libinit$$00000017          0x08000172   Section        0  libinit2.o(.ARM.Collect$$libinit$$00000017)
    .ARM.Collect$$libinit$$00000019          0x08000172   Section        0  libinit2.o(.ARM.Collect$$libinit$$00000019)
    .ARM.Collect$$libinit$$0000001B          0x08000172   Section        0  libinit2.o(.ARM.Collect$$libinit$$0000001B)
    .ARM.Collect$$libinit$$0000001D          0x08000172   Section        0  libinit2.o(.ARM.Collect$$libinit$$0000001D)
    .ARM.Collect$$libinit$$0000001F          0x08000172   Section        0  libinit2.o(.ARM.Collect$$libinit$$0000001F)
    .ARM.Collect$$libinit$$00000021          0x08000172   Section        0  libinit2.o(.ARM.Collect$$libinit$$00000021)
    .ARM.Collect$$libinit$$00000023          0x08000172   Section        0  libinit2.o(.ARM.Collect$$libinit$$00000023)
    .ARM.Collect$$libinit$$0000002A          0x08000172   Section        0  libinit2.o(.ARM.Collect$$libinit$$0000002A)
    .ARM.Collect$$libinit$$0000002C          0x08000172   Section        0  libinit2.o(.ARM.Collect$$libinit$$0000002C)
    .ARM.Collect$$libinit$$0000002E          0x08000172   Section        0  libinit2.o(.ARM.Collect$$libinit$$0000002E)
    .ARM.Collect$$libinit$$00000030          0x08000172   Section        0  libinit2.o(.ARM.Collect$$libinit$$00000030)
    .ARM.Collect$$libinit$$00000031          0x08000172   Section        2  libinit2.o(.ARM.Collect$$libinit$$00000031)
    .ARM.Collect$$libshutdown$$00000000      0x08000174   Section        2  libshutdown.o(.ARM.Collect$$libshutdown$$00000000)
    .ARM.Collect$$libshutdown$$00000003      0x08000176   Section        0  libshutdown2.o(.ARM.Collect$$libshutdown$$00000003)
    .ARM.Collect$$libshutdown$$00000006      0x08000176   Section        0  libshutdown2.o(.ARM.Collect$$libshutdown$$00000006)
    .ARM.Collect$$libshutdown$$00000009      0x08000176   Section        0  libshutdown2.o(.ARM.Collect$$libshutdown$$00000009)
    .ARM.Collect$$libshutdown$$0000000B      0x08000176   Section        0  libshutdown2.o(.ARM.Collect$$libshutdown$$0000000B)
    .ARM.Collect$$libshutdown$$0000000E      0x08000176   Section        0  libshutdown2.o(.ARM.Collect$$libshutdown$$0000000E)
    .ARM.Collect$$libshutdown$$0000000F      0x08000176   Section        2  libshutdown2.o(.ARM.Collect$$libshutdown$$0000000F)
    .ARM.Collect$$rtentry$$00000000          0x08000178   Section        0  rtentry.o(.ARM.Collect$$rtentry$$00000000)
    .ARM.Collect$$rtentry$$00000002          0x08000178   Section        0  rtentry2.o(.ARM.Collect$$rtentry$$00000002)
    .ARM.Collect$$rtentry$$00000004          0x08000178   Section        6  rtentry4.o(.ARM.Collect$$rtentry$$00000004)
    .ARM.Collect$$rtentry$$00000009          0x0800017e   Section        0  rtentry2.o(.ARM.Collect$$rtentry$$00000009)
    .ARM.Collect$$rtentry$$0000000A          0x0800017e   Section        4  rtentry2.o(.ARM.Collect$$rtentry$$0000000A)
    .ARM.Collect$$rtentry$$0000000C          0x08000182   Section        0  rtentry2.o(.ARM.Collect$$rtentry$$0000000C)
    .ARM.Collect$$rtentry$$0000000D          0x08000182   Section        8  rtentry2.o(.ARM.Collect$$rtentry$$0000000D)
    .ARM.Collect$$rtexit$$00000000           0x0800018a   Section        2  rtexit.o(.ARM.Collect$$rtexit$$00000000)
    .ARM.Collect$$rtexit$$00000002           0x0800018c   Section        0  rtexit2.o(.ARM.Collect$$rtexit$$00000002)
    .ARM.Collect$$rtexit$$00000003           0x0800018c   Section        4  rtexit2.o(.ARM.Collect$$rtexit$$00000003)
    .ARM.Collect$$rtexit$$00000004           0x08000190   Section        6  rtexit2.o(.ARM.Collect$$rtexit$$00000004)
    .text                                    0x08000198   Section       52  startup_stm32f10x_md.o(.text)
    .text                                    0x080001cc   Section        0  main.o(.text)
    .text                                    0x08000248   Section        0  stm32f10x_it.o(.text)
    .text                                    0x08000260   Section        0  system_stm32f10x.o(.text)
    SetSysClockTo72                          0x08000261   Thumb Code   218  system_stm32f10x.o(.text)
    SetSysClock                              0x0800033b   Thumb Code     8  system_stm32f10x.o(.text)
    .text                                    0x08000398   Section        0  delay.o(.text)
    .text                                    0x0800049c   Section        0  config.o(.text)
    .text                                    0x080004f0   Section        0  misc.o(.text)
    .text                                    0x080005cc   Section        0  stm32f10x_gpio.o(.text)
    .text                                    0x080008f8   Section        0  stm32f10x_rcc.o(.text)
    .text                                    0x08000c98   Section        0  stm32f10x_usart.o(.text)
    .text                                    0x08001008   Section        0  ds1820.o(.text)
    .text                                    0x080012c0   Section        0  relay.o(.text)
    .text                                    0x08001460   Section        0  tty.o(.text)
    .text                                    0x08001518   Section        0  usart.o(.text)
    .text                                    0x08001684   Section        0  os_core.o(.text)
    OS_InitTaskStat                          0x0800172f   Thumb Code    52  os_core.o(.text)
    OS_InitTaskIdle                          0x08001785   Thumb Code    52  os_core.o(.text)
    OS_InitEventList                         0x080017cb   Thumb Code    74  os_core.o(.text)
    OS_InitTCBList                           0x08001815   Thumb Code   106  os_core.o(.text)
    OS_InitRdyList                           0x0800187f   Thumb Code    44  os_core.o(.text)
    OS_InitMisc                              0x080018ab   Thumb Code    44  os_core.o(.text)
    OS_SchedNew                              0x0800191f   Thumb Code    26  os_core.o(.text)
    .text                                    0x08001f30   Section        0  os_flag.o(.text)
    OS_FlagTaskRdy                           0x080020a7   Thumb Code    96  os_flag.o(.text)
    OS_FlagBlock                             0x0800226f   Thumb Code   152  os_flag.o(.text)
    .text                                    0x08002748   Section        0  os_q.o(.text)
    .text                                    0x08002d30   Section        0  os_task.o(.text)
    .text                                    0x080034fc   Section        0  os_time.o(.text)
    .text                                    0x080036b4   Section        0  os_cpu_c.o(.text)
    .text                                    0x08003764   Section      180  os_cpu_a.o(.text)
    .text                                    0x08003818   Section        0  task.o(.text)
    .text                                    0x08003868   Section        0  shp.o(.text)
    shp_default_consultation_handler         0x08003919   Thumb Code   128  shp.o(.text)
    shp_find_dev_exe                         0x08003a75   Thumb Code    52  shp.o(.text)
    shp_default_binary_data_handler          0x08003aa9   Thumb Code    64  shp.o(.text)
    shp_handle_buffer                        0x08003ae9   Thumb Code   246  shp.o(.text)
    .text                                    0x08003f50   Section        0  shp_example.o(.text)
    shp_example_send_data                    0x08003f51   Thumb Code    16  shp_example.o(.text)
    shp_example_send_system_mac              0x08003f61   Thumb Code    12  shp_example.o(.text)
    shp_example_send_system_topology         0x08003f6d   Thumb Code    14  shp_example.o(.text)
    .text                                    0x08004088   Section        0  noretval__2sprintf.o(.text)
    .text                                    0x080040b0   Section        0  _printf_pad.o(.text)
    .text                                    0x08004104   Section        0  _printf_dec.o(.text)
    .text                                    0x0800417c   Section        0  _printf_hex_int.o(.text)
    .text                                    0x080041d8   Section        0  __printf_flags_wp.o(.text)
    .text                                    0x08004314   Section      138  rt_memcpy_v6.o(.text)
    .text                                    0x0800439e   Section       68  rt_memclr.o(.text)
    .text                                    0x080043e2   Section        0  heapauxi.o(.text)
    .text                                    0x080043e8   Section        0  _printf_intcommon.o(.text)
    .text                                    0x080044a0   Section        0  _printf_char_common.o(.text)
    _printf_input_char                       0x080044a1   Thumb Code    10  _printf_char_common.o(.text)
    .text                                    0x080044d0   Section        0  _sputc.o(.text)
    .text                                    0x080044da   Section      100  rt_memcpy_w.o(.text)
    .text                                    0x0800453e   Section       78  rt_memclr_w.o(.text)
    .text                                    0x0800458c   Section       74  sys_stackheap_outer.o(.text)
    .text                                    0x080045d6   Section        0  exit.o(.text)
    .text                                    0x080045e4   Section        8  libspace.o(.text)
    .text                                    0x080045ec   Section        0  sys_exit.o(.text)
    .text                                    0x080045f8   Section        2  use_no_semi.o(.text)
    .text                                    0x080045fa   Section        0  indicate_semi.o(.text)
    i._is_digit                              0x080045fa   Section        0  __printf_wp.o(i._is_digit)
    x$fpl$dfixu                              0x08004608   Section       90  dfixu.o(x$fpl$dfixu)
    x$fpl$dfltu                              0x08004662   Section       38  dflt_clz.o(x$fpl$dfltu)
    x$fpl$dmul                               0x08004688   Section      340  dmul.o(x$fpl$dmul)
    x$fpl$dnaninf                            0x080047dc   Section      156  dnaninf.o(x$fpl$dnaninf)
    x$fpl$dretinf                            0x08004878   Section       12  dretinf.o(x$fpl$dretinf)
    .constdata                               0x08004884   Section      256  os_core.o(.constdata)
    x$fpl$usenofp                            0x08004884   Section        0  usenofp.o(x$fpl$usenofp)
    .constdata                               0x08004984   Section       10  shp.o(.constdata)
    .constdata                               0x08004990   Section      364  shp_example.o(.constdata)
    SHP_EXAMPLE_MAC_PKG                      0x08004990   Data          52  shp_example.o(.constdata)
    SHP_EXAMPLE_TOPOLOGY_PKG                 0x080049c4   Data         306  shp_example.o(.constdata)
    .constdata                               0x08004afc   Section       40  _printf_hex_int.o(.constdata)
    uc_hextab                                0x08004afc   Data          20  _printf_hex_int.o(.constdata)
    lc_hextab                                0x08004b10   Data          20  _printf_hex_int.o(.constdata)
    .constdata                               0x08004b24   Section       17  __printf_flags_wp.o(.constdata)
    maptable                                 0x08004b24   Data          17  __printf_flags_wp.o(.constdata)
    .data                                    0x20000000   Section        4  delay.o(.data)
    fac_us                                   0x20000000   Data           1  delay.o(.data)
    fac_ms                                   0x20000002   Data           2  delay.o(.data)
    .data                                    0x20000004   Section       20  stm32f10x_rcc.o(.data)
    APBAHBPrescTable                         0x20000004   Data          16  stm32f10x_rcc.o(.data)
    ADCPrescTable                            0x20000014   Data           4  stm32f10x_rcc.o(.data)
    .data                                    0x20000018   Section        1  relay.o(.data)
    Relay_Busy                               0x20000018   Data           1  relay.o(.data)
    .data                                    0x2000001c   Section        4  usart.o(.data)
    recved_size                              0x2000001c   Data           4  usart.o(.data)
    .data                                    0x20000020   Section       72  os_core.o(.data)
    .data                                    0x20000068   Section      165  shp.o(.data)
    count                                    0x2000010c   Data           1  shp.o(.data)
    .data                                    0x2000010d   Section        3  shp_example.o(.data)
    .bss                                     0x20000110   Section      768  main.o(.bss)
    .bss                                     0x20000410   Section      148  usart.o(.bss)
    buf                                      0x20000410   Data         128  usart.o(.bss)
    .bss                                     0x200004a4   Section     2688  os_core.o(.bss)
    .bss                                     0x20000f24   Section      249  shp.o(.bss)
    .bss                                     0x20001020   Section       96  libspace.o(.bss)
    HEAP                                     0x20001080   Section        0  startup_stm32f10x_md.o(HEAP)
    STACK                                    0x20001080   Section      512  startup_stm32f10x_md.o(STACK)
    Heap_Mem                                 0x20001080   Data           0  startup_stm32f10x_md.o(HEAP)
    Stack_Mem                                0x20001080   Data         512  startup_stm32f10x_md.o(STACK)
    __initial_sp                             0x20001280   Data           0  startup_stm32f10x_md.o(STACK)

    Global Symbols

    Symbol Name                              Value     Ov Type        Size  Object(Section)

    BuildAttributes$$THM_ISAv4$P$D$K$B$S$PE$A:L22UL41UL21$X:L11$S22US41US21$IEEE1$IW$USESV6$~STKCKD$USESV7$~SHL$OSPACE$ROPI$EBA8$UX$STANDARDLIB$REQ8$PRES8$EABIv2 0x00000000   Number         0  anon$$obj.o ABSOLUTE
    __ARM_use_no_argv                        0x00000000   Number         0  main.o ABSOLUTE
    _printf_flags                            0x00000000   Number         0  printf_stubs.o ABSOLUTE
    _printf_return_value                     0x00000000   Number         0  printf_stubs.o ABSOLUTE
    _printf_sizespec                         0x00000000   Number         0  printf_stubs.o ABSOLUTE
    _printf_widthprec                        0x00000000   Number         0  printf_stubs.o ABSOLUTE
    __ARM_exceptions_init                     - Undefined Weak Reference
    __alloca_initialize                       - Undefined Weak Reference
    __cpp_initialize__aeabi_                  - Undefined Weak Reference
    __cxa_finalize                            - Undefined Weak Reference
    __rt_locale                               - Undefined Weak Reference
    __sigvec_lookup                           - Undefined Weak Reference
    _atexit_init                              - Undefined Weak Reference
    _call_atexit_fns                          - Undefined Weak Reference
    _clock_init                               - Undefined Weak Reference
    _fp_trap_init                             - Undefined Weak Reference
    _fp_trap_shutdown                         - Undefined Weak Reference
    _get_lc_collate                           - Undefined Weak Reference
    _get_lc_ctype                             - Undefined Weak Reference
    _get_lc_monetary                          - Undefined Weak Reference
    _get_lc_numeric                           - Undefined Weak Reference
    _get_lc_time                              - Undefined Weak Reference
    _getenv_init                              - Undefined Weak Reference
    _handle_redirection                       - Undefined Weak Reference
    _init_alloc                               - Undefined Weak Reference
    _init_user_alloc                          - Undefined Weak Reference
    _initio                                   - Undefined Weak Reference
    _printf_truncate_signed                   - Undefined Weak Reference
    _printf_truncate_unsigned                 - Undefined Weak Reference
    _rand_init                                - Undefined Weak Reference
    _signal_finish                            - Undefined Weak Reference
    _signal_init                              - Undefined Weak Reference
    _terminate_alloc                          - Undefined Weak Reference
    _terminate_user_alloc                     - Undefined Weak Reference
    _terminateio                              - Undefined Weak Reference
    __Vectors_Size                           0x000000ec   Number         0  startup_stm32f10x_md.o ABSOLUTE
    __Vectors                                0x08000000   Data           4  startup_stm32f10x_md.o(RESET)
    __Vectors_End                            0x080000ec   Data           0  startup_stm32f10x_md.o(RESET)
    __main                                   0x080000ed   Thumb Code     8  __main.o(!!!main)
    __scatterload                            0x080000f5   Thumb Code     0  __scatter.o(!!!scatter)
    __scatterload_rt2                        0x080000f5   Thumb Code    44  __scatter.o(!!!scatter)
    __scatterload_rt2_thumb_only             0x080000f5   Thumb Code     0  __scatter.o(!!!scatter)
    __scatterload_null                       0x08000103   Thumb Code     0  __scatter.o(!!!scatter)
    __scatterload_copy                       0x08000129   Thumb Code    26  __scatter_copy.o(!!handler_copy)
    __scatterload_zeroinit                   0x08000145   Thumb Code    28  __scatter_zi.o(!!handler_zi)
    _printf_d                                0x08000161   Thumb Code     0  _printf_d.o(.ARM.Collect$$_printf_percent$$00000009)
    _printf_percent                          0x08000161   Thumb Code     0  _printf_percent.o(.ARM.Collect$$_printf_percent$$00000000)
    _printf_x                                0x08000167   Thumb Code     0  _printf_x.o(.ARM.Collect$$_printf_percent$$0000000C)
    _printf_percent_end                      0x0800016d   Thumb Code     0  _printf_percent_end.o(.ARM.Collect$$_printf_percent$$00000017)
    __rt_lib_init                            0x08000171   Thumb Code     0  libinit.o(.ARM.Collect$$libinit$$00000000)
    __rt_lib_init_alloca_1                   0x08000173   Thumb Code     0  libinit2.o(.ARM.Collect$$libinit$$0000002C)
    __rt_lib_init_argv_1                     0x08000173   Thumb Code     0  libinit2.o(.ARM.Collect$$libinit$$0000002A)
    __rt_lib_init_atexit_1                   0x08000173   Thumb Code     0  libinit2.o(.ARM.Collect$$libinit$$00000019)
    __rt_lib_init_clock_1                    0x08000173   Thumb Code     0  libinit2.o(.ARM.Collect$$libinit$$0000001F)
    __rt_lib_init_cpp_1                      0x08000173   Thumb Code     0  libinit2.o(.ARM.Collect$$libinit$$00000030)
    __rt_lib_init_exceptions_1               0x08000173   Thumb Code     0  libinit2.o(.ARM.Collect$$libinit$$0000002E)
    __rt_lib_init_fp_1                       0x08000173   Thumb Code     0  libinit2.o(.ARM.Collect$$libinit$$00000002)
    __rt_lib_init_fp_trap_1                  0x08000173   Thumb Code     0  libinit2.o(.ARM.Collect$$libinit$$0000001D)
    __rt_lib_init_getenv_1                   0x08000173   Thumb Code     0  libinit2.o(.ARM.Collect$$libinit$$00000021)
    __rt_lib_init_heap_1                     0x08000173   Thumb Code     0  libinit2.o(.ARM.Collect$$libinit$$00000008)
    __rt_lib_init_lc_collate_1               0x08000173   Thumb Code     0  libinit2.o(.ARM.Collect$$libinit$$0000000F)
    __rt_lib_init_lc_ctype_1                 0x08000173   Thumb Code     0  libinit2.o(.ARM.Collect$$libinit$$00000011)
    __rt_lib_init_lc_monetary_1              0x08000173   Thumb Code     0  libinit2.o(.ARM.Collect$$libinit$$00000013)
    __rt_lib_init_lc_numeric_1               0x08000173   Thumb Code     0  libinit2.o(.ARM.Collect$$libinit$$00000015)
    __rt_lib_init_lc_time_1                  0x08000173   Thumb Code     0  libinit2.o(.ARM.Collect$$libinit$$00000017)
    __rt_lib_init_rand_1                     0x08000173   Thumb Code     0  libinit2.o(.ARM.Collect$$libinit$$0000000C)
    __rt_lib_init_return                     0x08000173   Thumb Code     0  libinit2.o(.ARM.Collect$$libinit$$00000031)
    __rt_lib_init_signal_1                   0x08000173   Thumb Code     0  libinit2.o(.ARM.Collect$$libinit$$0000001B)
    __rt_lib_init_stdio_1                    0x08000173   Thumb Code     0  libinit2.o(.ARM.Collect$$libinit$$00000023)
    __rt_lib_init_user_alloc_1               0x08000173   Thumb Code     0  libinit2.o(.ARM.Collect$$libinit$$0000000A)
    __rt_lib_shutdown                        0x08000175   Thumb Code     0  libshutdown.o(.ARM.Collect$$libshutdown$$00000000)
    __rt_lib_shutdown_fp_trap_1              0x08000177   Thumb Code     0  libshutdown2.o(.ARM.Collect$$libshutdown$$00000006)
    __rt_lib_shutdown_heap_1                 0x08000177   Thumb Code     0  libshutdown2.o(.ARM.Collect$$libshutdown$$0000000E)
    __rt_lib_shutdown_return                 0x08000177   Thumb Code     0  libshutdown2.o(.ARM.Collect$$libshutdown$$0000000F)
    __rt_lib_shutdown_signal_1               0x08000177   Thumb Code     0  libshutdown2.o(.ARM.Collect$$libshutdown$$00000009)
    __rt_lib_shutdown_stdio_1                0x08000177   Thumb Code     0  libshutdown2.o(.ARM.Collect$$libshutdown$$00000003)
    __rt_lib_shutdown_user_alloc_1           0x08000177   Thumb Code     0  libshutdown2.o(.ARM.Collect$$libshutdown$$0000000B)
    __rt_entry                               0x08000179   Thumb Code     0  rtentry.o(.ARM.Collect$$rtentry$$00000000)
    __rt_entry_presh_1                       0x08000179   Thumb Code     0  rtentry2.o(.ARM.Collect$$rtentry$$00000002)
    __rt_entry_sh                            0x08000179   Thumb Code     0  rtentry4.o(.ARM.Collect$$rtentry$$00000004)
    __rt_entry_li                            0x0800017f   Thumb Code     0  rtentry2.o(.ARM.Collect$$rtentry$$0000000A)
    __rt_entry_postsh_1                      0x0800017f   Thumb Code     0  rtentry2.o(.ARM.Collect$$rtentry$$00000009)
    __rt_entry_main                          0x08000183   Thumb Code     0  rtentry2.o(.ARM.Collect$$rtentry$$0000000D)
    __rt_entry_postli_1                      0x08000183   Thumb Code     0  rtentry2.o(.ARM.Collect$$rtentry$$0000000C)
    __rt_exit                                0x0800018b   Thumb Code     0  rtexit.o(.ARM.Collect$$rtexit$$00000000)
    __rt_exit_ls                             0x0800018d   Thumb Code     0  rtexit2.o(.ARM.Collect$$rtexit$$00000003)
    __rt_exit_prels_1                        0x0800018d   Thumb Code     0  rtexit2.o(.ARM.Collect$$rtexit$$00000002)
    __rt_exit_exit                           0x08000191   Thumb Code     0  rtexit2.o(.ARM.Collect$$rtexit$$00000004)
    Reset_Handler                            0x08000199   Thumb Code     4  startup_stm32f10x_md.o(.text)
    ADC1_2_IRQHandler                        0x080001af   Thumb Code     0  startup_stm32f10x_md.o(.text)
    CAN1_RX1_IRQHandler                      0x080001af   Thumb Code     0  startup_stm32f10x_md.o(.text)
    CAN1_SCE_IRQHandler                      0x080001af   Thumb Code     0  startup_stm32f10x_md.o(.text)
    DMA1_Channel1_IRQHandler                 0x080001af   Thumb Code     0  startup_stm32f10x_md.o(.text)
    DMA1_Channel2_IRQHandler                 0x080001af   Thumb Code     0  startup_stm32f10x_md.o(.text)
    DMA1_Channel3_IRQHandler                 0x080001af   Thumb Code     0  startup_stm32f10x_md.o(.text)
    DMA1_Channel4_IRQHandler                 0x080001af   Thumb Code     0  startup_stm32f10x_md.o(.text)
    DMA1_Channel5_IRQHandler                 0x080001af   Thumb Code     0  startup_stm32f10x_md.o(.text)
    DMA1_Channel6_IRQHandler                 0x080001af   Thumb Code     0  startup_stm32f10x_md.o(.text)
    DMA1_Channel7_IRQHandler                 0x080001af   Thumb Code     0  startup_stm32f10x_md.o(.text)
    EXTI0_IRQHandler                         0x080001af   Thumb Code     0  startup_stm32f10x_md.o(.text)
    EXTI15_10_IRQHandler                     0x080001af   Thumb Code     0  startup_stm32f10x_md.o(.text)
    EXTI1_IRQHandler                         0x080001af   Thumb Code     0  startup_stm32f10x_md.o(.text)
    EXTI2_IRQHandler                         0x080001af   Thumb Code     0  startup_stm32f10x_md.o(.text)
    EXTI3_IRQHandler                         0x080001af   Thumb Code     0  startup_stm32f10x_md.o(.text)
    EXTI4_IRQHandler                         0x080001af   Thumb Code     0  startup_stm32f10x_md.o(.text)
    EXTI9_5_IRQHandler                       0x080001af   Thumb Code     0  startup_stm32f10x_md.o(.text)
    FLASH_IRQHandler                         0x080001af   Thumb Code     0  startup_stm32f10x_md.o(.text)
    I2C1_ER_IRQHandler                       0x080001af   Thumb Code     0  startup_stm32f10x_md.o(.text)
    I2C1_EV_IRQHandler                       0x080001af   Thumb Code     0  startup_stm32f10x_md.o(.text)
    I2C2_ER_IRQHandler                       0x080001af   Thumb Code     0  startup_stm32f10x_md.o(.text)
    I2C2_EV_IRQHandler                       0x080001af   Thumb Code     0  startup_stm32f10x_md.o(.text)
    PVD_IRQHandler                           0x080001af   Thumb Code     0  startup_stm32f10x_md.o(.text)
    RCC_IRQHandler                           0x080001af   Thumb Code     0  startup_stm32f10x_md.o(.text)
    RTCAlarm_IRQHandler                      0x080001af   Thumb Code     0  startup_stm32f10x_md.o(.text)
    RTC_IRQHandler                           0x080001af   Thumb Code     0  startup_stm32f10x_md.o(.text)
    SPI1_IRQHandler                          0x080001af   Thumb Code     0  startup_stm32f10x_md.o(.text)
    SPI2_IRQHandler                          0x080001af   Thumb Code     0  startup_stm32f10x_md.o(.text)
    TAMPER_IRQHandler                        0x080001af   Thumb Code     0  startup_stm32f10x_md.o(.text)
    TIM1_BRK_IRQHandler                      0x080001af   Thumb Code     0  startup_stm32f10x_md.o(.text)
    TIM1_CC_IRQHandler                       0x080001af   Thumb Code     0  startup_stm32f10x_md.o(.text)
    TIM1_TRG_COM_IRQHandler                  0x080001af   Thumb Code     0  startup_stm32f10x_md.o(.text)
    TIM1_UP_IRQHandler                       0x080001af   Thumb Code     0  startup_stm32f10x_md.o(.text)
    TIM2_IRQHandler                          0x080001af   Thumb Code     0  startup_stm32f10x_md.o(.text)
    TIM3_IRQHandler                          0x080001af   Thumb Code     0  startup_stm32f10x_md.o(.text)
    TIM4_IRQHandler                          0x080001af   Thumb Code     0  startup_stm32f10x_md.o(.text)
    USART3_IRQHandler                        0x080001af   Thumb Code     0  startup_stm32f10x_md.o(.text)
    USBWakeUp_IRQHandler                     0x080001af   Thumb Code     0  startup_stm32f10x_md.o(.text)
    USB_HP_CAN1_TX_IRQHandler                0x080001af   Thumb Code     0  startup_stm32f10x_md.o(.text)
    USB_LP_CAN1_RX0_IRQHandler               0x080001af   Thumb Code     0  startup_stm32f10x_md.o(.text)
    WWDG_IRQHandler                          0x080001af   Thumb Code     0  startup_stm32f10x_md.o(.text)
    __user_initial_stackheap                 0x080001b1   Thumb Code     0  startup_stm32f10x_md.o(.text)
    start_task                               0x080001cd   Thumb Code    52  main.o(.text)
    main                                     0x08000201   Thumb Code    46  main.o(.text)
    driver_init                              0x0800022f   Thumb Code     2  main.o(.text)
    drive_device                             0x08000231   Thumb Code     2  main.o(.text)
    NMI_Handler                              0x08000249   Thumb Code     2  stm32f10x_it.o(.text)
    HardFault_Handler                        0x0800024b   Thumb Code     4  stm32f10x_it.o(.text)
    MemManage_Handler                        0x0800024f   Thumb Code     4  stm32f10x_it.o(.text)
    BusFault_Handler                         0x08000253   Thumb Code     4  stm32f10x_it.o(.text)
    UsageFault_Handler                       0x08000257   Thumb Code     4  stm32f10x_it.o(.text)
    SVC_Handler                              0x0800025b   Thumb Code     2  stm32f10x_it.o(.text)
    DebugMon_Handler                         0x0800025d   Thumb Code     2  stm32f10x_it.o(.text)
    SystemInit                               0x08000343   Thumb Code    68  system_stm32f10x.o(.text)
    SysTick_Handler                          0x08000399   Thumb Code    16  delay.o(.text)
    DelayMs_init                             0x080003a9   Thumb Code    82  delay.o(.text)
    DelayUs                                  0x080003fb   Thumb Code    86  delay.o(.text)
    DelayMs                                  0x08000451   Thumb Code    62  delay.o(.text)
    RCC_Configuration                        0x0800049d   Thumb Code    34  config.o(.text)
    NVIC_Config                              0x080004bf   Thumb Code    40  config.o(.text)
    NVIC_PriorityGroupConfig                 0x080004f1   Thumb Code    10  misc.o(.text)
    NVIC_Init                                0x080004fb   Thumb Code   102  misc.o(.text)
    NVIC_SetVectorTable                      0x08000561   Thumb Code    14  misc.o(.text)
    NVIC_SystemLPConfig                      0x0800056f   Thumb Code    34  misc.o(.text)
    SysTick_CLKSourceConfig                  0x08000591   Thumb Code    40  misc.o(.text)
    GPIO_DeInit                              0x080005cd   Thumb Code   188  stm32f10x_gpio.o(.text)
    GPIO_AFIODeInit                          0x08000689   Thumb Code    20  stm32f10x_gpio.o(.text)
    GPIO_Init                                0x0800069d   Thumb Code   274  stm32f10x_gpio.o(.text)
    GPIO_StructInit                          0x080007af   Thumb Code    16  stm32f10x_gpio.o(.text)
    GPIO_ReadInputDataBit                    0x080007bf   Thumb Code    18  stm32f10x_gpio.o(.text)
    GPIO_ReadInputData                       0x080007d1   Thumb Code     8  stm32f10x_gpio.o(.text)
    GPIO_ReadOutputDataBit                   0x080007d9   Thumb Code    18  stm32f10x_gpio.o(.text)
    GPIO_ReadOutputData                      0x080007eb   Thumb Code     8  stm32f10x_gpio.o(.text)
    GPIO_SetBits                             0x080007f3   Thumb Code     4  stm32f10x_gpio.o(.text)
    GPIO_ResetBits                           0x080007f7   Thumb Code     4  stm32f10x_gpio.o(.text)
    GPIO_WriteBit                            0x080007fb   Thumb Code    10  stm32f10x_gpio.o(.text)
    GPIO_Write                               0x08000805   Thumb Code     4  stm32f10x_gpio.o(.text)
    GPIO_PinLockConfig                       0x08000809   Thumb Code    18  stm32f10x_gpio.o(.text)
    GPIO_EventOutputConfig                   0x0800081b   Thumb Code    26  stm32f10x_gpio.o(.text)
    GPIO_EventOutputCmd                      0x08000835   Thumb Code     6  stm32f10x_gpio.o(.text)
    GPIO_PinRemapConfig                      0x0800083b   Thumb Code   106  stm32f10x_gpio.o(.text)
    GPIO_EXTILineConfig                      0x080008a5   Thumb Code    66  stm32f10x_gpio.o(.text)
    RCC_DeInit                               0x080008f9   Thumb Code    62  stm32f10x_rcc.o(.text)
    RCC_HSEConfig                            0x08000937   Thumb Code    70  stm32f10x_rcc.o(.text)
    RCC_GetFlagStatus                        0x0800097d   Thumb Code    56  stm32f10x_rcc.o(.text)
    RCC_WaitForHSEStartUp                    0x080009b5   Thumb Code    54  stm32f10x_rcc.o(.text)
    RCC_AdjustHSICalibrationValue            0x080009eb   Thumb Code    20  stm32f10x_rcc.o(.text)
    RCC_HSICmd                               0x080009ff   Thumb Code     6  stm32f10x_rcc.o(.text)
    RCC_PLLConfig                            0x08000a05   Thumb Code    24  stm32f10x_rcc.o(.text)
    RCC_PLLCmd                               0x08000a1d   Thumb Code     6  stm32f10x_rcc.o(.text)
    RCC_SYSCLKConfig                         0x08000a23   Thumb Code    18  stm32f10x_rcc.o(.text)
    RCC_GetSYSCLKSource                      0x08000a35   Thumb Code    10  stm32f10x_rcc.o(.text)
    RCC_HCLKConfig                           0x08000a3f   Thumb Code    18  stm32f10x_rcc.o(.text)
    RCC_PCLK1Config                          0x08000a51   Thumb Code    18  stm32f10x_rcc.o(.text)
    RCC_PCLK2Config                          0x08000a63   Thumb Code    20  stm32f10x_rcc.o(.text)
    RCC_ITConfig                             0x08000a77   Thumb Code    26  stm32f10x_rcc.o(.text)
    RCC_USBCLKConfig                         0x08000a91   Thumb Code     6  stm32f10x_rcc.o(.text)
    RCC_ADCCLKConfig                         0x08000a97   Thumb Code    18  stm32f10x_rcc.o(.text)
    RCC_LSEConfig                            0x08000aa9   Thumb Code    44  stm32f10x_rcc.o(.text)
    RCC_LSICmd                               0x08000ad5   Thumb Code     6  stm32f10x_rcc.o(.text)
    RCC_RTCCLKConfig                         0x08000adb   Thumb Code    12  stm32f10x_rcc.o(.text)
    RCC_RTCCLKCmd                            0x08000ae7   Thumb Code     8  stm32f10x_rcc.o(.text)
    RCC_GetClocksFreq                        0x08000aef   Thumb Code   192  stm32f10x_rcc.o(.text)
    RCC_AHBPeriphClockCmd                    0x08000baf   Thumb Code    26  stm32f10x_rcc.o(.text)
    RCC_APB2PeriphClockCmd                   0x08000bc9   Thumb Code    26  stm32f10x_rcc.o(.text)
    RCC_APB1PeriphClockCmd                   0x08000be3   Thumb Code    26  stm32f10x_rcc.o(.text)
    RCC_APB2PeriphResetCmd                   0x08000bfd   Thumb Code    26  stm32f10x_rcc.o(.text)
    RCC_APB1PeriphResetCmd                   0x08000c17   Thumb Code    26  stm32f10x_rcc.o(.text)
    RCC_BackupResetCmd                       0x08000c31   Thumb Code     8  stm32f10x_rcc.o(.text)
    RCC_ClockSecuritySystemCmd               0x08000c39   Thumb Code     6  stm32f10x_rcc.o(.text)
    RCC_MCOConfig                            0x08000c3f   Thumb Code     6  stm32f10x_rcc.o(.text)
    RCC_ClearFlag                            0x08000c45   Thumb Code    14  stm32f10x_rcc.o(.text)
    RCC_GetITStatus                          0x08000c53   Thumb Code    20  stm32f10x_rcc.o(.text)
    RCC_ClearITPendingBit                    0x08000c67   Thumb Code     6  stm32f10x_rcc.o(.text)
    USART_DeInit                             0x08000c99   Thumb Code   146  stm32f10x_usart.o(.text)
    USART_Init                               0x08000d2b   Thumb Code   150  stm32f10x_usart.o(.text)
    USART_StructInit                         0x08000dc1   Thumb Code    24  stm32f10x_usart.o(.text)
    USART_ClockInit                          0x08000dd9   Thumb Code    34  stm32f10x_usart.o(.text)
    USART_ClockStructInit                    0x08000dfb   Thumb Code    12  stm32f10x_usart.o(.text)
    USART_Cmd                                0x08000e07   Thumb Code    24  stm32f10x_usart.o(.text)
    USART_ITConfig                           0x08000e1f   Thumb Code    64  stm32f10x_usart.o(.text)
    USART_DMACmd                             0x08000e5f   Thumb Code    18  stm32f10x_usart.o(.text)
    USART_SetAddress                         0x08000e71   Thumb Code    18  stm32f10x_usart.o(.text)
    USART_WakeUpConfig                       0x08000e83   Thumb Code    18  stm32f10x_usart.o(.text)
    USART_ReceiverWakeUpCmd                  0x08000e95   Thumb Code    24  stm32f10x_usart.o(.text)
    USART_LINBreakDetectLengthConfig         0x08000ead   Thumb Code    18  stm32f10x_usart.o(.text)
    USART_LINCmd                             0x08000ebf   Thumb Code    24  stm32f10x_usart.o(.text)
    USART_SendData                           0x08000ed7   Thumb Code     8  stm32f10x_usart.o(.text)
    USART_ReceiveData                        0x08000edf   Thumb Code    10  stm32f10x_usart.o(.text)
    USART_SendBreak                          0x08000ee9   Thumb Code    10  stm32f10x_usart.o(.text)
    USART_SetGuardTime                       0x08000ef3   Thumb Code    16  stm32f10x_usart.o(.text)
    USART_SetPrescaler                       0x08000f03   Thumb Code    16  stm32f10x_usart.o(.text)
    USART_SmartCardCmd                       0x08000f13   Thumb Code    24  stm32f10x_usart.o(.text)
    USART_SmartCardNACKCmd                   0x08000f2b   Thumb Code    24  stm32f10x_usart.o(.text)
    USART_HalfDuplexCmd                      0x08000f43   Thumb Code    24  stm32f10x_usart.o(.text)
    USART_IrDAConfig                         0x08000f5b   Thumb Code    18  stm32f10x_usart.o(.text)
    USART_IrDACmd                            0x08000f6d   Thumb Code    24  stm32f10x_usart.o(.text)
    USART_GetFlagStatus                      0x08000f85   Thumb Code    18  stm32f10x_usart.o(.text)
    USART_ClearFlag                          0x08000f97   Thumb Code     6  stm32f10x_usart.o(.text)
    USART_GetITStatus                        0x08000f9d   Thumb Code    76  stm32f10x_usart.o(.text)
    USART_ClearITPendingBit                  0x08000fe9   Thumb Code    20  stm32f10x_usart.o(.text)
    DS18B20_Rst                              0x08001009   Thumb Code    88  ds1820.o(.text)
    DS18B20_Read_Byte                        0x08001061   Thumb Code   110  ds1820.o(.text)
    DS18B20_Write_Byte                       0x080010cf   Thumb Code   104  ds1820.o(.text)
    DS18B20_Init                             0x08001137   Thumb Code    34  ds1820.o(.text)
    DS18B20_Get_Temp                         0x08001159   Thumb Code   276  ds1820.o(.text)
    GetT                                     0x0800126d   Thumb Code    74  ds1820.o(.text)
    Relay_init                               0x080012c1   Thumb Code    50  relay.o(.text)
    Relay_Connect                            0x080012f3   Thumb Code    76  relay.o(.text)
    Relay_Disconnect                         0x0800133f   Thumb Code    76  relay.o(.text)
    operate                                  0x0800138b   Thumb Code   136  relay.o(.text)
    tty_init                                 0x08001461   Thumb Code   116  tty.o(.text)
    USART1_IRQHandler                        0x080014d5   Thumb Code    12  tty.o(.text)
    tty_command                              0x080014e1   Thumb Code     6  tty.o(.text)
    tty_printf                               0x080014e7   Thumb Code    40  tty.o(.text)
    usart_init                               0x08001519   Thumb Code   124  usart.o(.text)
    save_char_to_buf_or_handle               0x08001595   Thumb Code    80  usart.o(.text)
    USART2_IRQHandler                        0x080015e5   Thumb Code    48  usart.o(.text)
    usart_send                               0x08001615   Thumb Code    38  usart.o(.text)
    sendData                                 0x0800163b   Thumb Code    56  usart.o(.text)
    OS_TaskStatStkChk                        0x08001685   Thumb Code    54  os_core.o(.text)
    OS_TaskStat                              0x080016bb   Thumb Code   116  os_core.o(.text)
    OS_TaskIdle                              0x08001763   Thumb Code    34  os_core.o(.text)
    OS_MemClr                                0x080017b9   Thumb Code    18  os_core.o(.text)
    OSInit                                   0x080018d7   Thumb Code    44  os_core.o(.text)
    OSIntEnter                               0x08001903   Thumb Code    28  os_core.o(.text)
    OSIntExit                                0x08001939   Thumb Code   112  os_core.o(.text)
    OSSchedLock                              0x080019a9   Thumb Code    50  os_core.o(.text)
    OS_Sched                                 0x080019db   Thumb Code    88  os_core.o(.text)
    OSSchedUnlock                            0x08001a33   Thumb Code   238  os_core.o(.text)
    OSStart                                  0x08001b21   Thumb Code    48  os_core.o(.text)
    OSStatInit                               0x08001b51   Thumb Code    62  os_core.o(.text)
    OSTimeTick                               0x08001b8f   Thumb Code   218  os_core.o(.text)
    OSVersion                                0x08001c69   Thumb Code     6  os_core.o(.text)
    OS_Dummy                                 0x08001c6f   Thumb Code     2  os_core.o(.text)
    OS_EventTaskRemove                       0x08001c71   Thumb Code    42  os_core.o(.text)
    OS_EventTaskRdy                          0x08001c9b   Thumb Code   118  os_core.o(.text)
    OS_EventTaskWait                         0x08001d11   Thumb Code   112  os_core.o(.text)
    OS_EventWaitListInit                     0x08001d81   Thumb Code    28  os_core.o(.text)
    OS_MemCopy                               0x08001d9d   Thumb Code    20  os_core.o(.text)
    OS_StrLen                                0x08001db1   Thumb Code    20  os_core.o(.text)
    OS_TCBInit                               0x08001dc5   Thumb Code   294  os_core.o(.text)
    OSFlagAccept                             0x08001f31   Thumb Code   252  os_flag.o(.text)
    OSFlagCreate                             0x0800202d   Thumb Code    86  os_flag.o(.text)
    OS_FlagUnlink                            0x08002083   Thumb Code    36  os_flag.o(.text)
    OSFlagDel                                0x08002107   Thumb Code   214  os_flag.o(.text)
    OSFlagNameGet                            0x080021dd   Thumb Code    80  os_flag.o(.text)
    OSFlagNameSet                            0x0800222d   Thumb Code    66  os_flag.o(.text)
    OSFlagPend                               0x08002307   Thumb Code   614  os_flag.o(.text)
    OSFlagPendGetFlagsRdy                    0x0800256d   Thumb Code    26  os_flag.o(.text)
    OSFlagPost                               0x08002587   Thumb Code   312  os_flag.o(.text)
    OSFlagQuery                              0x080026bf   Thumb Code    48  os_flag.o(.text)
    OS_FlagInit                              0x080026ef   Thumb Code    78  os_flag.o(.text)
    OSQAccept                                0x08002749   Thumb Code    88  os_q.o(.text)
    OSQCreate                                0x080027a1   Thumb Code   140  os_q.o(.text)
    OSQDel                                   0x0800282d   Thumb Code   236  os_q.o(.text)
    OSQFlush                                 0x08002919   Thumb Code    36  os_q.o(.text)
    OSQPend                                  0x0800293d   Thumb Code   272  os_q.o(.text)
    OSQPendAbort                             0x08002a4d   Thumb Code   128  os_q.o(.text)
    OSQPost                                  0x08002acd   Thumb Code   114  os_q.o(.text)
    OSQPostFront                             0x08002b3f   Thumb Code   136  os_q.o(.text)
    OSQPostOpt                               0x08002bc7   Thumb Code   182  os_q.o(.text)
    OSQQuery                                 0x08002c7d   Thumb Code    98  os_q.o(.text)
    OS_QInit                                 0x08002cdf   Thumb Code    72  os_q.o(.text)
    OSTaskChangePrio                         0x08002d31   Thumb Code   310  os_task.o(.text)
    OSTaskCreate                             0x08002e67   Thumb Code   148  os_task.o(.text)
    OS_TaskStkClr                            0x08002efb   Thumb Code    26  os_task.o(.text)
    OSTaskCreateExt                          0x08002f15   Thumb Code   170  os_task.o(.text)
    OSTaskDel                                0x08002fbf   Thumb Code   294  os_task.o(.text)
    OSTaskDelReq                             0x080030e5   Thumb Code   146  os_task.o(.text)
    OSTaskNameGet                            0x08003177   Thumb Code   114  os_task.o(.text)
    OSTaskNameSet                            0x080031e9   Thumb Code    98  os_task.o(.text)
    OSTaskResume                             0x0800324b   Thumb Code   160  os_task.o(.text)
    OSTaskStkChk                             0x080032eb   Thumb Code   132  os_task.o(.text)
    OSTaskSuspend                            0x0800336f   Thumb Code   152  os_task.o(.text)
    OSTaskQuery                              0x08003407   Thumb Code    82  os_task.o(.text)
    OSTaskRegGet                             0x08003459   Thumb Code    60  os_task.o(.text)
    OSTaskRegSet                             0x08003495   Thumb Code    62  os_task.o(.text)
    OS_TaskReturn                            0x080034d3   Thumb Code    18  os_task.o(.text)
    OSTimeDly                                0x080034fd   Thumb Code   100  os_time.o(.text)
    OSTimeDlyHMSM                            0x08003561   Thumb Code    86  os_time.o(.text)
    OSTimeDlyResume                          0x080035b7   Thumb Code   176  os_time.o(.text)
    OSTimeGet                                0x08003667   Thumb Code    24  os_time.o(.text)
    OSTimeSet                                0x0800367f   Thumb Code    24  os_time.o(.text)
    OSInitHookBegin                          0x080036b5   Thumb Code     2  os_cpu_c.o(.text)
    OSInitHookEnd                            0x080036b7   Thumb Code     2  os_cpu_c.o(.text)
    OSTaskCreateHook                         0x080036b9   Thumb Code     2  os_cpu_c.o(.text)
    OSTaskDelHook                            0x080036bb   Thumb Code     2  os_cpu_c.o(.text)
    OSTaskIdleHook                           0x080036bd   Thumb Code     2  os_cpu_c.o(.text)
    OSTaskStatHook                           0x080036bf   Thumb Code     2  os_cpu_c.o(.text)
    OSTaskStkInit                            0x080036c1   Thumb Code   154  os_cpu_c.o(.text)
    OSTaskSwHook                             0x0800375b   Thumb Code     2  os_cpu_c.o(.text)
    OSTCBInitHook                            0x0800375d   Thumb Code     2  os_cpu_c.o(.text)
    OSTimeTickHook                           0x0800375f   Thumb Code     2  os_cpu_c.o(.text)
    OSTaskReturnHook                         0x08003761   Thumb Code     2  os_cpu_c.o(.text)
    OS_CPU_SR_Save                           0x08003765   Thumb Code     0  os_cpu_a.o(.text)
    OS_CPU_SR_Restore                        0x0800376d   Thumb Code     0  os_cpu_a.o(.text)
    OSStartHighRdy                           0x08003773   Thumb Code     0  os_cpu_a.o(.text)
    OSCtxSw                                  0x08003795   Thumb Code     0  os_cpu_a.o(.text)
    OSIntCtxSw                               0x080037a3   Thumb Code     0  os_cpu_a.o(.text)
    PendSV_Handler                           0x080037b3   Thumb Code     0  os_cpu_a.o(.text)
    task1                                    0x08003819   Thumb Code    42  task.o(.text)
    led1_task                                0x08003843   Thumb Code    26  task.o(.text)
    shp_send_package                         0x08003869   Thumb Code    72  shp.o(.text)
    shp_recv_buf_init                        0x080038b1   Thumb Code    12  shp.o(.text)
    shp_recv_buf_get_data                    0x080038bd   Thumb Code     8  shp.o(.text)
    shp_recv_buf_put_data                    0x080038c5   Thumb Code    38  shp.o(.text)
    shp_recv_buf_get_lenght                  0x080038eb   Thumb Code    10  shp.o(.text)
    shp_recv_buf_set_used                    0x080038f5   Thumb Code    24  shp.o(.text)
    SetShpStae                               0x0800390d   Thumb Code     6  shp.o(.text)
    GetShpStae                               0x08003913   Thumb Code     6  shp.o(.text)
    shp_register_execution                   0x08003999   Thumb Code   168  shp.o(.text)
    shp_register_groud_dev_execution         0x08003a41   Thumb Code    52  shp.o(.text)
    shp_send_system_tick_data                0x08003bdf   Thumb Code   480  shp.o(.text)
    shp_system_tick                          0x08003dbf   Thumb Code    64  shp.o(.text)
    shp_system_init                          0x08003dff   Thumb Code    46  shp.o(.text)
    shp_handle_recviced_data                 0x08003e2d   Thumb Code   146  shp.o(.text)
    shp_example_lamp1_operator               0x08003f7b   Thumb Code    26  shp_example.o(.text)
    shp_example_lamp1_get_state              0x08003f95   Thumb Code    26  shp_example.o(.text)
    shp_example_lamps_operator               0x08003faf   Thumb Code    56  shp_example.o(.text)
    shp_example_lamps_get_state              0x08003fe7   Thumb Code    48  shp_example.o(.text)
    shp_example_init_called_by_system        0x08004017   Thumb Code    54  shp_example.o(.text)
    shp_example_tick_called_by_system        0x0800404d   Thumb Code     8  shp_example.o(.text)
    shp_example_data_arrived_called_by_system 0x08004055   Thumb Code    16  shp_example.o(.text)
    __2sprintf                               0x08004089   Thumb Code    34  noretval__2sprintf.o(.text)
    _printf_pre_padding                      0x080040b1   Thumb Code    46  _printf_pad.o(.text)
    _printf_post_padding                     0x080040df   Thumb Code    36  _printf_pad.o(.text)
    _printf_int_dec                          0x08004105   Thumb Code   102  _printf_dec.o(.text)
    _printf_int_hex                          0x0800417d   Thumb Code    88  _printf_hex_int.o(.text)
    _printf_longlong_hex                     0x0800417d   Thumb Code     0  _printf_hex_int.o(.text)
    __printf                                 0x080041d9   Thumb Code   310  __printf_flags_wp.o(.text)
    __aeabi_memcpy                           0x08004315   Thumb Code     0  rt_memcpy_v6.o(.text)
    __rt_memcpy                              0x08004315   Thumb Code   138  rt_memcpy_v6.o(.text)
    _memcpy_lastbytes                        0x0800437b   Thumb Code     0  rt_memcpy_v6.o(.text)
    __aeabi_memclr                           0x0800439f   Thumb Code     0  rt_memclr.o(.text)
    __rt_memclr                              0x0800439f   Thumb Code    68  rt_memclr.o(.text)
    _memset                                  0x080043a3   Thumb Code     0  rt_memclr.o(.text)
    __use_two_region_memory                  0x080043e3   Thumb Code     2  heapauxi.o(.text)
    __rt_heap_escrow$2region                 0x080043e5   Thumb Code     2  heapauxi.o(.text)
    __rt_heap_expand$2region                 0x080043e7   Thumb Code     2  heapauxi.o(.text)
    _printf_int_common                       0x080043e9   Thumb Code   184  _printf_intcommon.o(.text)
    _printf_char_common                      0x080044ab   Thumb Code    32  _printf_char_common.o(.text)
    _sputc                                   0x080044d1   Thumb Code    10  _sputc.o(.text)
    __aeabi_memcpy4                          0x080044db   Thumb Code     0  rt_memcpy_w.o(.text)
    __aeabi_memcpy8                          0x080044db   Thumb Code     0  rt_memcpy_w.o(.text)
    __rt_memcpy_w                            0x080044db   Thumb Code   100  rt_memcpy_w.o(.text)
    _memcpy_lastbytes_aligned                0x08004523   Thumb Code     0  rt_memcpy_w.o(.text)
    __aeabi_memclr4                          0x0800453f   Thumb Code     0  rt_memclr_w.o(.text)
    __aeabi_memclr8                          0x0800453f   Thumb Code     0  rt_memclr_w.o(.text)
    __rt_memclr_w                            0x0800453f   Thumb Code    78  rt_memclr_w.o(.text)
    _memset_w                                0x08004543   Thumb Code     0  rt_memclr_w.o(.text)
    __user_setup_stackheap                   0x0800458d   Thumb Code    74  sys_stackheap_outer.o(.text)
    exit                                     0x080045d7   Thumb Code    12  exit.o(.text)
    __user_libspace                          0x080045e5   Thumb Code     8  libspace.o(.text)
    __user_perproc_libspace                  0x080045e5   Thumb Code     0  libspace.o(.text)
    __user_perthread_libspace                0x080045e5   Thumb Code     0  libspace.o(.text)
    _sys_exit                                0x080045ed   Thumb Code     8  sys_exit.o(.text)
    __I$use$semihosting                      0x080045f9   Thumb Code     0  use_no_semi.o(.text)
    __use_no_semihosting_swi                 0x080045f9   Thumb Code     2  use_no_semi.o(.text)
    __semihosting_library_function           0x080045fb   Thumb Code     0  indicate_semi.o(.text)
    _is_digit                                0x080045fb   Thumb Code    14  __printf_wp.o(i._is_digit)
    __aeabi_d2uiz                            0x08004609   Thumb Code     0  dfixu.o(x$fpl$dfixu)
    _dfixu                                   0x08004609   Thumb Code    90  dfixu.o(x$fpl$dfixu)
    __aeabi_ui2d                             0x08004663   Thumb Code     0  dflt_clz.o(x$fpl$dfltu)
    _dfltu                                   0x08004663   Thumb Code    38  dflt_clz.o(x$fpl$dfltu)
    __aeabi_dmul                             0x08004689   Thumb Code     0  dmul.o(x$fpl$dmul)
    _dmul                                    0x08004689   Thumb Code   332  dmul.o(x$fpl$dmul)
    __fpl_dnaninf                            0x080047dd   Thumb Code   156  dnaninf.o(x$fpl$dnaninf)
    __fpl_dretinf                            0x08004879   Thumb Code    12  dretinf.o(x$fpl$dretinf)
    OSUnMapTbl                               0x08004884   Data         256  os_core.o(.constdata)
    __I$use$fp                               0x08004884   Number         0  usenofp.o(x$fpl$usenofp)
    THIS                                     0x08004984   Data           4  shp.o(.constdata)
    Region$$Table$$Base                      0x08004b38   Number         0  anon$$obj.o(Region$$Table)
    Region$$Table$$Limit                     0x08004b58   Number         0  anon$$obj.o(Region$$Table)
    OSCtxSwCtr                               0x20000020   Data           4  os_core.o(.data)
    OSEventFreeList                          0x20000024   Data           4  os_core.o(.data)
    OSFlagFreeList                           0x20000028   Data           4  os_core.o(.data)
    OSCPUUsage                               0x2000002c   Data           1  os_core.o(.data)
    OSIdleCtrMax                             0x20000030   Data           4  os_core.o(.data)
    OSIdleCtrRun                             0x20000034   Data           4  os_core.o(.data)
    OSStatRdy                                0x20000038   Data           1  os_core.o(.data)
    OSIntNesting                             0x20000039   Data           1  os_core.o(.data)
    OSLockNesting                            0x2000003a   Data           1  os_core.o(.data)
    OSPrioCur                                0x2000003b   Data           1  os_core.o(.data)
    OSPrioHighRdy                            0x2000003c   Data           1  os_core.o(.data)
    OSRdyGrp                                 0x2000003d   Data           1  os_core.o(.data)
    OSRdyTbl                                 0x2000003e   Data           8  os_core.o(.data)
    OSRunning                                0x20000046   Data           1  os_core.o(.data)
    OSTaskCtr                                0x20000047   Data           1  os_core.o(.data)
    OSIdleCtr                                0x20000048   Data           4  os_core.o(.data)
    OSTCBCur                                 0x2000004c   Data           4  os_core.o(.data)
    OSTCBFreeList                            0x20000050   Data           4  os_core.o(.data)
    OSTCBHighRdy                             0x20000054   Data           4  os_core.o(.data)
    OSTCBList                                0x20000058   Data           4  os_core.o(.data)
    OSTickStepState                          0x2000005c   Data           1  os_core.o(.data)
    OSQFreeList                              0x20000060   Data           4  os_core.o(.data)
    OSTime                                   0x20000064   Data           4  os_core.o(.data)
    callback_list                            0x20000068   Data         164  shp.o(.data)
    lamb1_state                              0x2000010d   Data           1  shp_example.o(.data)
    lamb2_state                              0x2000010e   Data           1  shp_example.o(.data)
    lamb3_state                              0x2000010f   Data           1  shp_example.o(.data)
    START_TASK_STK                           0x20000110   Data         256  main.o(.bss)
    LED0_TASK_STK                            0x20000210   Data         256  main.o(.bss)
    LED1_TASK_STK                            0x20000310   Data         256  main.o(.bss)
    Rev_Buffer                               0x20000490   Data          20  usart.o(.bss)
    OSEventTbl                               0x200004a4   Data         200  os_core.o(.bss)
    OSFlagTbl                                0x2000056c   Data          80  os_core.o(.bss)
    OSTaskStatStk                            0x200005bc   Data         512  os_core.o(.bss)
    OSTaskIdleStk                            0x200007bc   Data         512  os_core.o(.bss)
    OSTCBPrioTbl                             0x200009bc   Data         256  os_core.o(.bss)
    OSTCBTbl                                 0x20000abc   Data        1008  os_core.o(.bss)
    OSQTbl                                   0x20000eac   Data         120  os_core.o(.bss)
    _dbg_buffer___                           0x20000f24   Data         128  shp.o(.bss)
    shp_sys                                  0x20000fa4   Data         121  shp.o(.bss)
    __libspace_start                         0x20001020   Data          96  libspace.o(.bss)
    __temporary_stack_top$libspace           0x20001080   Data           0  libspace.o(.bss)



==============================================================================

Memory Map of the image

  Image Entry point : 0x080000ed

  Load Region LR_IROM1 (Base: 0x08000000, Size: 0x00004c68, Max: 0x00010000, ABSOLUTE)

    Execution Region ER_IROM1 (Base: 0x08000000, Size: 0x00004b58, Max: 0x00010000, ABSOLUTE)

    Base Addr    Size         Type   Attr      Idx    E Section Name        Object

    0x08000000   0x000000ec   Data   RO            3    RESET               startup_stm32f10x_md.o
    0x080000ec   0x00000008   Code   RO          920  * !!!main             c_w.l(__main.o)
    0x080000f4   0x00000034   Code   RO         1104    !!!scatter          c_w.l(__scatter.o)
    0x08000128   0x0000001a   Code   RO         1106    !!handler_copy      c_w.l(__scatter_copy.o)
    0x08000142   0x00000002   PAD
    0x08000144   0x0000001c   Code   RO         1108    !!handler_zi        c_w.l(__scatter_zi.o)
    0x08000160   0x00000000   Code   RO          913    .ARM.Collect$$_printf_percent$$00000000  c_w.l(_printf_percent.o)
    0x08000160   0x00000006   Code   RO          912    .ARM.Collect$$_printf_percent$$00000009  c_w.l(_printf_d.o)
    0x08000166   0x00000006   Code   RO          911    .ARM.Collect$$_printf_percent$$0000000C  c_w.l(_printf_x.o)
    0x0800016c   0x00000004   Code   RO          941    .ARM.Collect$$_printf_percent$$00000017  c_w.l(_printf_percent_end.o)
    0x08000170   0x00000002   Code   RO          977    .ARM.Collect$$libinit$$00000000  c_w.l(libinit.o)
    0x08000172   0x00000000   Code   RO          984    .ARM.Collect$$libinit$$00000002  c_w.l(libinit2.o)
    0x08000172   0x00000000   Code   RO          987    .ARM.Collect$$libinit$$00000008  c_w.l(libinit2.o)
    0x08000172   0x00000000   Code   RO          989    .ARM.Collect$$libinit$$0000000A  c_w.l(libinit2.o)
    0x08000172   0x00000000   Code   RO          991    .ARM.Collect$$libinit$$0000000C  c_w.l(libinit2.o)
    0x08000172   0x00000000   Code   RO          994    .ARM.Collect$$libinit$$0000000F  c_w.l(libinit2.o)
    0x08000172   0x00000000   Code   RO          996    .ARM.Collect$$libinit$$00000011  c_w.l(libinit2.o)
    0x08000172   0x00000000   Code   RO          998    .ARM.Collect$$libinit$$00000013  c_w.l(libinit2.o)
    0x08000172   0x00000000   Code   RO         1000    .ARM.Collect$$libinit$$00000015  c_w.l(libinit2.o)
    0x08000172   0x00000000   Code   RO         1002    .ARM.Collect$$libinit$$00000017  c_w.l(libinit2.o)
    0x08000172   0x00000000   Code   RO         1004    .ARM.Collect$$libinit$$00000019  c_w.l(libinit2.o)
    0x08000172   0x00000000   Code   RO         1006    .ARM.Collect$$libinit$$0000001B  c_w.l(libinit2.o)
    0x08000172   0x00000000   Code   RO         1008    .ARM.Collect$$libinit$$0000001D  c_w.l(libinit2.o)
    0x08000172   0x00000000   Code   RO         1010    .ARM.Collect$$libinit$$0000001F  c_w.l(libinit2.o)
    0x08000172   0x00000000   Code   RO         1012    .ARM.Collect$$libinit$$00000021  c_w.l(libinit2.o)
    0x08000172   0x00000000   Code   RO         1014    .ARM.Collect$$libinit$$00000023  c_w.l(libinit2.o)
    0x08000172   0x00000000   Code   RO         1018    .ARM.Collect$$libinit$$0000002A  c_w.l(libinit2.o)
    0x08000172   0x00000000   Code   RO         1020    .ARM.Collect$$libinit$$0000002C  c_w.l(libinit2.o)
    0x08000172   0x00000000   Code   RO         1022    .ARM.Collect$$libinit$$0000002E  c_w.l(libinit2.o)
    0x08000172   0x00000000   Code   RO         1024    .ARM.Collect$$libinit$$00000030  c_w.l(libinit2.o)
    0x08000172   0x00000002   Code   RO         1025    .ARM.Collect$$libinit$$00000031  c_w.l(libinit2.o)
    0x08000174   0x00000002   Code   RO         1045    .ARM.Collect$$libshutdown$$00000000  c_w.l(libshutdown.o)
    0x08000176   0x00000000   Code   RO         1059    .ARM.Collect$$libshutdown$$00000003  c_w.l(libshutdown2.o)
    0x08000176   0x00000000   Code   RO         1062    .ARM.Collect$$libshutdown$$00000006  c_w.l(libshutdown2.o)
    0x08000176   0x00000000   Code   RO         1065    .ARM.Collect$$libshutdown$$00000009  c_w.l(libshutdown2.o)
    0x08000176   0x00000000   Code   RO         1067    .ARM.Collect$$libshutdown$$0000000B  c_w.l(libshutdown2.o)
    0x08000176   0x00000000   Code   RO         1070    .ARM.Collect$$libshutdown$$0000000E  c_w.l(libshutdown2.o)
    0x08000176   0x00000002   Code   RO         1071    .ARM.Collect$$libshutdown$$0000000F  c_w.l(libshutdown2.o)
    0x08000178   0x00000000   Code   RO          934    .ARM.Collect$$rtentry$$00000000  c_w.l(rtentry.o)
    0x08000178   0x00000000   Code   RO          952    .ARM.Collect$$rtentry$$00000002  c_w.l(rtentry2.o)
    0x08000178   0x00000006   Code   RO          964    .ARM.Collect$$rtentry$$00000004  c_w.l(rtentry4.o)
    0x0800017e   0x00000000   Code   RO          954    .ARM.Collect$$rtentry$$00000009  c_w.l(rtentry2.o)
    0x0800017e   0x00000004   Code   RO          955    .ARM.Collect$$rtentry$$0000000A  c_w.l(rtentry2.o)
    0x08000182   0x00000000   Code   RO          957    .ARM.Collect$$rtentry$$0000000C  c_w.l(rtentry2.o)
    0x08000182   0x00000008   Code   RO          958    .ARM.Collect$$rtentry$$0000000D  c_w.l(rtentry2.o)
    0x0800018a   0x00000002   Code   RO          981    .ARM.Collect$$rtexit$$00000000  c_w.l(rtexit.o)
    0x0800018c   0x00000000   Code   RO         1027    .ARM.Collect$$rtexit$$00000002  c_w.l(rtexit2.o)
    0x0800018c   0x00000004   Code   RO         1028    .ARM.Collect$$rtexit$$00000003  c_w.l(rtexit2.o)
    0x08000190   0x00000006   Code   RO         1029    .ARM.Collect$$rtexit$$00000004  c_w.l(rtexit2.o)
    0x08000196   0x00000002   PAD
    0x08000198   0x00000034   Code   RO            4    .text               startup_stm32f10x_md.o
    0x080001cc   0x0000007c   Code   RO           12    .text               main.o
    0x08000248   0x00000016   Code   RO          115    .text               stm32f10x_it.o
    0x0800025e   0x00000002   PAD
    0x08000260   0x00000138   Code   RO          145    .text               system_stm32f10x.o
    0x08000398   0x00000104   Code   RO          171    .text               delay.o
    0x0800049c   0x00000054   Code   RO          193    .text               config.o
    0x080004f0   0x000000dc   Code   RO          223    .text               misc.o
    0x080005cc   0x0000032c   Code   RO          292    .text               stm32f10x_gpio.o
    0x080008f8   0x000003a0   Code   RO          319    .text               stm32f10x_rcc.o
    0x08000c98   0x00000370   Code   RO          387    .text               stm32f10x_usart.o
    0x08001008   0x000002b8   Code   RO          410    .text               ds1820.o
    0x080012c0   0x000001a0   Code   RO          453    .text               relay.o
    0x08001460   0x000000b8   Code   RO          480    .text               tty.o
    0x08001518   0x0000016c   Code   RO          512    .text               usart.o
    0x08001684   0x000008ac   Code   RO          557    .text               os_core.o
    0x08001f30   0x00000818   Code   RO          587    .text               os_flag.o
    0x08002748   0x000005e8   Code   RO          644    .text               os_q.o
    0x08002d30   0x000007cc   Code   RO          668    .text               os_task.o
    0x080034fc   0x000001b8   Code   RO          680    .text               os_time.o
    0x080036b4   0x000000ae   Code   RO          698    .text               os_cpu_c.o
    0x08003762   0x00000002   PAD
    0x08003764   0x000000b4   Code   RO          755    .text               os_cpu_a.o
    0x08003818   0x00000050   Code   RO          760    .text               task.o
    0x08003868   0x000006e8   Code   RO          816    .text               shp.o
    0x08003f50   0x00000138   Code   RO          839    .text               shp_example.o
    0x08004088   0x00000028   Code   RO          862    .text               c_w.l(noretval__2sprintf.o)
    0x080040b0   0x00000052   Code   RO          866    .text               c_w.l(_printf_pad.o)
    0x08004102   0x00000002   PAD
    0x08004104   0x00000078   Code   RO          868    .text               c_w.l(_printf_dec.o)
    0x0800417c   0x0000005c   Code   RO          873    .text               c_w.l(_printf_hex_int.o)
    0x080041d8   0x0000013c   Code   RO          903    .text               c_w.l(__printf_flags_wp.o)
    0x08004314   0x0000008a   Code   RO          914    .text               c_w.l(rt_memcpy_v6.o)
    0x0800439e   0x00000044   Code   RO          916    .text               c_w.l(rt_memclr.o)
    0x080043e2   0x00000006   Code   RO          918    .text               c_w.l(heapauxi.o)
    0x080043e8   0x000000b8   Code   RO          935    .text               c_w.l(_printf_intcommon.o)
    0x080044a0   0x00000030   Code   RO          937    .text               c_w.l(_printf_char_common.o)
    0x080044d0   0x0000000a   Code   RO          939    .text               c_w.l(_sputc.o)
    0x080044da   0x00000064   Code   RO          942    .text               c_w.l(rt_memcpy_w.o)
    0x0800453e   0x0000004e   Code   RO          944    .text               c_w.l(rt_memclr_w.o)
    0x0800458c   0x0000004a   Code   RO          968    .text               c_w.l(sys_stackheap_outer.o)
    0x080045d6   0x0000000c   Code   RO          970    .text               c_w.l(exit.o)
    0x080045e2   0x00000002   PAD
    0x080045e4   0x00000008   Code   RO          978    .text               c_w.l(libspace.o)
    0x080045ec   0x0000000c   Code   RO         1037    .text               c_w.l(sys_exit.o)
    0x080045f8   0x00000002   Code   RO         1048    .text               c_w.l(use_no_semi.o)
    0x080045fa   0x00000000   Code   RO         1050    .text               c_w.l(indicate_semi.o)
    0x080045fa   0x0000000e   Code   RO          901    i._is_digit         c_w.l(__printf_wp.o)
    0x08004608   0x0000005a   Code   RO          922    x$fpl$dfixu         fz_ws.l(dfixu.o)
    0x08004662   0x00000026   Code   RO          926    x$fpl$dfltu         fz_ws.l(dflt_clz.o)
    0x08004688   0x00000154   Code   RO          932    x$fpl$dmul          fz_ws.l(dmul.o)
    0x080047dc   0x0000009c   Code   RO          946    x$fpl$dnaninf       fz_ws.l(dnaninf.o)
    0x08004878   0x0000000c   Code   RO          948    x$fpl$dretinf       fz_ws.l(dretinf.o)
    0x08004884   0x00000000   Code   RO          950    x$fpl$usenofp       fz_ws.l(usenofp.o)
    0x08004884   0x00000100   Data   RO          559    .constdata          os_core.o
    0x08004984   0x0000000a   Data   RO          818    .constdata          shp.o
    0x0800498e   0x00000002   PAD
    0x08004990   0x0000016c   Data   RO          840    .constdata          shp_example.o
    0x08004afc   0x00000028   Data   RO          874    .constdata          c_w.l(_printf_hex_int.o)
    0x08004b24   0x00000011   Data   RO          904    .constdata          c_w.l(__printf_flags_wp.o)
    0x08004b35   0x00000003   PAD
    0x08004b38   0x00000020   Data   RO         1102    Region$$Table       anon$$obj.o


    Execution Region RW_IRAM1 (Base: 0x20000000, Size: 0x00001280, Max: 0x00005000, ABSOLUTE)

    Base Addr    Size         Type   Attr      Idx    E Section Name        Object

    0x20000000   0x00000004   Data   RW          172    .data               delay.o
    0x20000004   0x00000014   Data   RW          320    .data               stm32f10x_rcc.o
    0x20000018   0x00000001   Data   RW          454    .data               relay.o
    0x20000019   0x00000003   PAD
    0x2000001c   0x00000004   Data   RW          514    .data               usart.o
    0x20000020   0x00000048   Data   RW          560    .data               os_core.o
    0x20000068   0x000000a5   Data   RW          819    .data               shp.o
    0x2000010d   0x00000003   Data   RW          841    .data               shp_example.o
    0x20000110   0x00000300   Zero   RW           13    .bss                main.o
    0x20000410   0x00000094   Zero   RW          513    .bss                usart.o
    0x200004a4   0x00000a80   Zero   RW          558    .bss                os_core.o
    0x20000f24   0x000000f9   Zero   RW          817    .bss                shp.o
    0x2000101d   0x00000003   PAD
    0x20001020   0x00000060   Zero   RW          979    .bss                c_w.l(libspace.o)
    0x20001080   0x00000000   Zero   RW            2    HEAP                startup_stm32f10x_md.o
    0x20001080   0x00000200   Zero   RW            1    STACK               startup_stm32f10x_md.o


==============================================================================

Image component sizes


      Code (inc. data)   RO Data    RW Data    ZI Data      Debug   Object Name

        84         10          0          0          0     199984   config.o
       260         14          0          4          0       1251   delay.o
       696         10          0          0          0     216738   ds1820.o
       124         22          0          0        768      22449   main.o
       220         20          0          0          0       3269   misc.o
      2220        220        256         72       2688      15428   os_core.o
       180         36          0          0          0        276   os_cpu_a.o
       174          0          0          0          0      10310   os_cpu_c.o
      2072         40          0          0          0      14829   os_flag.o
      1512         30          0          0          0       5401   os_q.o
      1996         70          0          0          0       7333   os_task.o
       440         30          0          0          0       1718   os_time.o
       416         78          0          1          0       9032   relay.o
      1768        388         10        165        249       8944   shp.o
       312         36        364          3          0       3828   shp_example.o
        52         18        236          0        512        780   startup_stm32f10x_md.o
       812         18          0          0          0     202827   stm32f10x_gpio.o
        22          0          0          0          0     198771   stm32f10x_it.o
       928         44          0         20          0       8624   stm32f10x_rcc.o
       880         12          0          0          0      14187   stm32f10x_usart.o
       312         18          0          0          0       1093   system_stm32f10x.o
        80         12          0          0          0       1598   task.o
       184         10          0          0          0       1380   tty.o
       364         18          0          4        148       5348   usart.o

    ----------------------------------------------------------------------
     16112       1154        900        272       4368     955398   Object Totals
         0          0         32          0          0          0   (incl. Generated)
         4          0          2          3          3          0   (incl. Padding)

    ----------------------------------------------------------------------

      Code (inc. data)   RO Data    RW Data    ZI Data      Debug   Library Member Name

         8          0          0          0          0         68   __main.o
       316          6         17          0          0         92   __printf_flags_wp.o
        14          0          0          0          0         68   __printf_wp.o
        52          8          0          0          0          0   __scatter.o
        26          0          0          0          0          0   __scatter_copy.o
        28          0          0          0          0          0   __scatter_zi.o
        48          6          0          0          0         96   _printf_char_common.o
         6          0          0          0          0          0   _printf_d.o
       120         18          0          0          0         92   _printf_dec.o
        92          4         40          0          0         88   _printf_hex_int.o
       184          0          0          0          0         88   _printf_intcommon.o
        82          0          0          0          0        108   _printf_pad.o
         0          0          0          0          0          0   _printf_percent.o
         4          0          0          0          0          0   _printf_percent_end.o
         6          0          0          0          0          0   _printf_x.o
        10          0          0          0          0         68   _sputc.o
        12          0          0          0          0         72   exit.o
         6          0          0          0          0        152   heapauxi.o
         0          0          0          0          0          0   indicate_semi.o
         2          0          0          0          0          0   libinit.o
         2          0          0          0          0          0   libinit2.o
         2          0          0          0          0          0   libshutdown.o
         2          0          0          0          0          0   libshutdown2.o
         8          4          0          0         96         68   libspace.o
        40          6          0          0          0         84   noretval__2sprintf.o
        68          0          0          0          0         68   rt_memclr.o
        78          0          0          0          0         80   rt_memclr_w.o
       138          0          0          0          0         68   rt_memcpy_v6.o
       100          0          0          0          0         80   rt_memcpy_w.o
         0          0          0          0          0          0   rtentry.o
        12          0          0          0          0          0   rtentry2.o
         6          0          0          0          0          0   rtentry4.o
         2          0          0          0          0          0   rtexit.o
        10          0          0          0          0          0   rtexit2.o
        12          4          0          0          0         68   sys_exit.o
        74          0          0          0          0         80   sys_stackheap_outer.o
         2          0          0          0          0         68   use_no_semi.o
        90          4          0          0          0         92   dfixu.o
        38          0          0          0          0         68   dflt_clz.o
       340         12          0          0          0        104   dmul.o
       156          4          0          0          0         92   dnaninf.o
        12          0          0          0          0         68   dretinf.o
         0          0          0          0          0          0   usenofp.o

    ----------------------------------------------------------------------
      2216         76         60          0         96       2080   Library Totals
         8          0          3          0          0          0   (incl. Padding)

    ----------------------------------------------------------------------

      Code (inc. data)   RO Data    RW Data    ZI Data      Debug   Library Name

      1572         56         57          0         96       1656   c_w.l
       636         20          0          0          0        424   fz_ws.l

    ----------------------------------------------------------------------
      2216         76         60          0         96       2080   Library Totals

    ----------------------------------------------------------------------

==============================================================================


      Code (inc. data)   RO Data    RW Data    ZI Data      Debug   

     18328       1230        960        272       4464     954306   Grand Totals
     18328       1230        960        272       4464     954306   ELF Image Totals
     18328       1230        960        272          0          0   ROM Totals

==============================================================================

    Total RO  Size (Code + RO Data)                19288 (  18.84kB)
    Total RW  Size (RW Data + ZI Data)              4736 (   4.63kB)
    Total ROM Size (Code + RO Data + RW Data)      19560 (  19.10kB)

==============================================================================

