<html>
<body>
<pre>
<h1>µVision Build Log</h1>
<h2>Project:</h2>
H:\stm32\stmos\project\sauna.uvproj
Project File Date:  08/11/2013

<h2>Output:</h2>
Build target 'sauna'
assembling startup_stm32f10x_md.s...
compiling main.c...
..\init\main.c(1): warning:  #951-D: return type of function "main" must be "int"
..\init\main.c(3): warning:  #1-D: last line of file ends without a newline
linking...
Program Size: Code=324 RO-data=252 RW-data=0 ZI-data=608  
"sauna.axf" - 0 Error(s), 2 Warning(s).
Build target 'sauna'
compiling main.c...
..\init\main.c(3): warning:  #1-D: last line of file ends without a newline
linking...
Program Size: Code=324 RO-data=252 RW-data=0 ZI-data=608  
"sauna.axf" - 0 Error(s), 1 Warning(s).
Build target 'sauna'
compiling main.c...
linking...
Program Size: Code=324 RO-data=252 RW-data=0 ZI-data=608  
"sauna.axf" - 0 Error(s), 0 Warning(s).
Rebuild target 'sauna'
assembling startup_stm32f10x_md.s...
compiling main.c...
linking...
Program Size: Code=324 RO-data=252 RW-data=0 ZI-data=608  
"sauna.axf" - 0 Error(s), 0 Warning(s).
Build target 'sauna'
assembling startup_stm32f10x_md.s...
compiling main.c...
linking...
Program Size: Code=324 RO-data=252 RW-data=0 ZI-data=608  
FromELF: creating hex file...
"..\Obj\sauna.axf" - 0 Error(s), 0 Warning(s).
Build target 'sauna'
linking...
Program Size: Code=324 RO-data=252 RW-data=0 ZI-data=608  
FromELF: creating hex file...
"..\Obj\sauna.axf" - 0 Error(s), 0 Warning(s).
Build target 'sauna'
linking...
Program Size: Code=324 RO-data=252 RW-data=0 ZI-data=608  
FromELF: creating hex file...
"..\Obj\sauna.axf" - 0 Error(s), 0 Warning(s).
